Component: ARM Compiler 5.06 update 7 (build 960) Tool: armlink [4d3601]

==============================================================================

Section Cross References

    startup_stm32f407xx.o(RESET) refers to startup_stm32f407xx.o(STACK) for __initial_sp
    startup_stm32f407xx.o(RESET) refers to startup_stm32f407xx.o(.text) for Reset_Handler
    startup_stm32f407xx.o(RESET) refers to stm32f4xx_it.o(i.NMI_Handler) for NMI_Handler
    startup_stm32f407xx.o(RESET) refers to stm32f4xx_it.o(i.HardFault_Handler) for HardFault_Handler
    startup_stm32f407xx.o(RESET) refers to stm32f4xx_it.o(i.MemManage_Handler) for MemManage_Handler
    startup_stm32f407xx.o(RESET) refers to stm32f4xx_it.o(i.BusFault_Handler) for BusFault_Handler
    startup_stm32f407xx.o(RESET) refers to stm32f4xx_it.o(i.UsageFault_Handler) for UsageFault_Handler
    startup_stm32f407xx.o(RESET) refers to stm32f4xx_it.o(i.SVC_Handler) for SVC_Handler
    startup_stm32f407xx.o(RESET) refers to stm32f4xx_it.o(i.DebugMon_Handler) for DebugMon_Handler
    startup_stm32f407xx.o(RESET) refers to stm32f4xx_it.o(i.PendSV_Handler) for PendSV_Handler
    startup_stm32f407xx.o(RESET) refers to stm32f4xx_it.o(i.SysTick_Handler) for SysTick_Handler
    startup_stm32f407xx.o(RESET) refers to stm32f4xx_it.o(i.TIM2_IRQHandler) for TIM2_IRQHandler
    startup_stm32f407xx.o(RESET) refers to stm32f4xx_it.o(i.USART1_IRQHandler) for USART1_IRQHandler
    startup_stm32f407xx.o(RESET) refers to stm32f4xx_it.o(i.USART2_IRQHandler) for USART2_IRQHandler
    startup_stm32f407xx.o(RESET) refers to stm32f4xx_it.o(i.TIM5_IRQHandler) for TIM5_IRQHandler
    startup_stm32f407xx.o(RESET) refers to stm32f4xx_it.o(i.DMA2_Stream0_IRQHandler) for DMA2_Stream0_IRQHandler
    startup_stm32f407xx.o(.text) refers to system_stm32f4xx.o(i.SystemInit) for SystemInit
    startup_stm32f407xx.o(.text) refers to entry.o(.ARM.Collect$$$$00000000) for __main
    main.o(i.SystemClock_Config) refers to memseta.o(.text) for __aeabi_memclr4
    main.o(i.SystemClock_Config) refers to stm32f4xx_hal_rcc.o(i.HAL_RCC_OscConfig) for HAL_RCC_OscConfig
    main.o(i.SystemClock_Config) refers to main.o(i.Error_Handler) for Error_Handler
    main.o(i.SystemClock_Config) refers to stm32f4xx_hal_rcc.o(i.HAL_RCC_ClockConfig) for HAL_RCC_ClockConfig
    main.o(i.main) refers to stm32f4xx_hal.o(i.HAL_Init) for HAL_Init
    main.o(i.main) refers to main.o(i.SystemClock_Config) for SystemClock_Config
    main.o(i.main) refers to gpio.o(i.MX_GPIO_Init) for MX_GPIO_Init
    main.o(i.main) refers to dma.o(i.MX_DMA_Init) for MX_DMA_Init
    main.o(i.main) refers to adc.o(i.MX_ADC1_Init) for MX_ADC1_Init
    main.o(i.main) refers to tim.o(i.MX_TIM2_Init) for MX_TIM2_Init
    main.o(i.main) refers to tim.o(i.MX_TIM3_Init) for MX_TIM3_Init
    main.o(i.main) refers to tim.o(i.MX_TIM4_Init) for MX_TIM4_Init
    main.o(i.main) refers to tim.o(i.MX_TIM5_Init) for MX_TIM5_Init
    main.o(i.main) refers to usart.o(i.MX_USART1_UART_Init) for MX_USART1_UART_Init
    main.o(i.main) refers to usart.o(i.MX_USART2_UART_Init) for MX_USART2_UART_Init
    main.o(i.main) refers to init.o(i.MarineRobot_init) for MarineRobot_init
    main.o(i.main) refers to ysy.o(i.start_feedback) for start_feedback
    main.o(i.main) refers to lcd.o(i.display_GB2312_string) for display_GB2312_string
    main.o(i.main) refers to usart.o(i.cam_fresh) for cam_fresh
    main.o(i.main) refers to key.o(i.KEY_Scan) for KEY_Scan
    main.o(i.main) refers to lcd.o(i.clear_screen) for clear_screen
    main.o(i.main) refers to ysy.o(i.test) for test
    main.o(i.main) refers to ysy.o(i.robot_camera_run) for robot_camera_run
    main.o(i.main) refers to led.o(i.emagnet_off) for emagnet_off
    main.o(i.main) refers to delay.o(i.delay_ms) for delay_ms
    main.o(i.main) refers to led.o(i.emagnet_on) for emagnet_on
    main.o(i.main) refers to ysy.o(i.cam_debug) for cam_debug
    main.o(i.main) refers to main.o(.data) for sel
    gpio.o(i.MX_GPIO_Init) refers to memseta.o(.text) for __aeabi_memclr4
    gpio.o(i.MX_GPIO_Init) refers to stm32f4xx_hal_gpio.o(i.HAL_GPIO_WritePin) for HAL_GPIO_WritePin
    gpio.o(i.MX_GPIO_Init) refers to stm32f4xx_hal_gpio.o(i.HAL_GPIO_Init) for HAL_GPIO_Init
    adc.o(i.HAL_ADC_MspDeInit) refers to stm32f4xx_hal_gpio.o(i.HAL_GPIO_DeInit) for HAL_GPIO_DeInit
    adc.o(i.HAL_ADC_MspDeInit) refers to stm32f4xx_hal_dma.o(i.HAL_DMA_DeInit) for HAL_DMA_DeInit
    adc.o(i.HAL_ADC_MspInit) refers to memseta.o(.text) for __aeabi_memclr4
    adc.o(i.HAL_ADC_MspInit) refers to stm32f4xx_hal_gpio.o(i.HAL_GPIO_Init) for HAL_GPIO_Init
    adc.o(i.HAL_ADC_MspInit) refers to stm32f4xx_hal_dma.o(i.HAL_DMA_Init) for HAL_DMA_Init
    adc.o(i.HAL_ADC_MspInit) refers to main.o(i.Error_Handler) for Error_Handler
    adc.o(i.HAL_ADC_MspInit) refers to adc.o(.bss) for hdma_adc1
    adc.o(i.MX_ADC1_Init) refers to stm32f4xx_hal_adc.o(i.HAL_ADC_Init) for HAL_ADC_Init
    adc.o(i.MX_ADC1_Init) refers to main.o(i.Error_Handler) for Error_Handler
[...]
    i.AD_Detection                           0x08000890   Section        0  ad_detection.o(i.AD_Detection)
    i.BEEP_Init                              0x08000b4c   Section        0  beep.o(i.BEEP_Init)
    i.BusFault_Handler                       0x08000b54   Section        0  stm32f4xx_it.o(i.BusFault_Handler)
    i.DMA2_Stream0_IRQHandler                0x08000b58   Section        0  stm32f4xx_it.o(i.DMA2_Stream0_IRQHandler)
    i.DMA_CalcBaseAndBitshift                0x08000b68   Section        0  stm32f4xx_hal_dma.o(i.DMA_CalcBaseAndBitshift)
    DMA_CalcBaseAndBitshift                  0x08000b69   Thumb Code    46  stm32f4xx_hal_dma.o(i.DMA_CalcBaseAndBitshift)
    i.DMA_CheckFifoParam                     0x08000b9c   Section        0  stm32f4xx_hal_dma.o(i.DMA_CheckFifoParam)
    DMA_CheckFifoParam                       0x08000b9d   Thumb Code   170  stm32f4xx_hal_dma.o(i.DMA_CheckFifoParam)
    i.DMA_SetConfig                          0x08000c46   Section        0  stm32f4xx_hal_dma.o(i.DMA_SetConfig)
    DMA_SetConfig                            0x08000c47   Thumb Code    44  stm32f4xx_hal_dma.o(i.DMA_SetConfig)
    i.DebugMon_Handler                       0x08000c72   Section        0  stm32f4xx_it.o(i.DebugMon_Handler)
    i.Error_Handler                          0x08000c74   Section        0  main.o(i.Error_Handler)
    i.GoodMoto                               0x08000c7c   Section        0  pwm.o(i.GoodMoto)
    i.HAL_ADC_ConfigChannel                  0x08000ca4   Section        0  stm32f4xx_hal_adc.o(i.HAL_ADC_ConfigChannel)
    i.HAL_ADC_ConvCpltCallback               0x08000e30   Section        0  stm32f4xx_hal_adc.o(i.HAL_ADC_ConvCpltCallback)
    i.HAL_ADC_ConvHalfCpltCallback           0x08000e32   Section        0  stm32f4xx_hal_adc.o(i.HAL_ADC_ConvHalfCpltCallback)
    i.HAL_ADC_ErrorCallback                  0x08000e34   Section        0  stm32f4xx_hal_adc.o(i.HAL_ADC_ErrorCallback)
    i.HAL_ADC_Init                           0x08000e38   Section        0  stm32f4xx_hal_adc.o(i.HAL_ADC_Init)
    i.HAL_ADC_MspInit                        0x08000ea0   Section        0  adc.o(i.HAL_ADC_MspInit)
    i.HAL_ADC_Start_DMA                      0x08000fd0   Section        0  stm32f4xx_hal_adc.o(i.HAL_ADC_Start_DMA)
    i.HAL_DMA_Abort                          0x0800118c   Section        0  stm32f4xx_hal_dma.o(i.HAL_DMA_Abort)
    i.HAL_DMA_Abort_IT                       0x08001238   Section        0  stm32f4xx_hal_dma.o(i.HAL_DMA_Abort_IT)
    i.HAL_DMA_IRQHandler                     0x08001260   Section        0  stm32f4xx_hal_dma.o(i.HAL_DMA_IRQHandler)
    i.HAL_DMA_Init                           0x080014a0   Section        0  stm32f4xx_hal_dma.o(i.HAL_DMA_Init)
    i.HAL_DMA_Start_IT                       0x0800158c   Section        0  stm32f4xx_hal_dma.o(i.HAL_DMA_Start_IT)
    i.HAL_Delay                              0x08001620   Section        0  stm32f4xx_hal.o(i.HAL_Delay)
    i.HAL_GPIO_Init                          0x08001648   Section        0  stm32f4xx_hal_gpio.o(i.HAL_GPIO_Init)
    i.HAL_GPIO_ReadPin                       0x0800183c   Section        0  stm32f4xx_hal_gpio.o(i.HAL_GPIO_ReadPin)
    i.HAL_GPIO_WritePin                      0x0800184c   Section        0  stm32f4xx_hal_gpio.o(i.HAL_GPIO_WritePin)
    i.HAL_GetTick                            0x08001858   Section        0  stm32f4xx_hal.o(i.HAL_GetTick)
    i.HAL_IncTick                            0x08001864   Section        0  stm32f4xx_hal.o(i.HAL_IncTick)
    i.HAL_Init                               0x0800187c   Section        0  stm32f4xx_hal.o(i.HAL_Init)
    i.HAL_InitTick                           0x080018b8   Section        0  stm32f4xx_hal.o(i.HAL_InitTick)
    i.HAL_MspInit                            0x08001904   Section        0  stm32f4xx_hal_msp.o(i.HAL_MspInit)
    i.HAL_NVIC_EnableIRQ                     0x08001954   Section        0  stm32f4xx_hal_cortex.o(i.HAL_NVIC_EnableIRQ)
    i.HAL_NVIC_SetPriority                   0x0800197c   Section        0  stm32f4xx_hal_cortex.o(i.HAL_NVIC_SetPriority)
    i.HAL_NVIC_SetPriorityGrouping           0x080019f8   Section        0  stm32f4xx_hal_cortex.o(i.HAL_NVIC_SetPriorityGrouping)
    i.HAL_RCC_ClockConfig                    0x08001a20   Section        0  stm32f4xx_hal_rcc.o(i.HAL_RCC_ClockConfig)
    i.HAL_RCC_GetHCLKFreq                    0x08001ba4   Section        0  stm32f4xx_hal_rcc.o(i.HAL_RCC_GetHCLKFreq)
    i.HAL_RCC_GetPCLK1Freq                   0x08001bb0   Section        0  stm32f4xx_hal_rcc.o(i.HAL_RCC_GetPCLK1Freq)
    i.HAL_RCC_GetPCLK2Freq                   0x08001bd0   Section        0  stm32f4xx_hal_rcc.o(i.HAL_RCC_GetPCLK2Freq)
    i.HAL_RCC_GetSysClockFreq                0x08001bf0   Section        0  stm32f4xx_hal_rcc.o(i.HAL_RCC_GetSysClockFreq)
    i.HAL_RCC_OscConfig                      0x08001ca0   Section        0  stm32f4xx_hal_rcc.o(i.HAL_RCC_OscConfig)
    i.HAL_SYSTICK_Config                     0x0800213c   Section        0  stm32f4xx_hal_cortex.o(i.HAL_SYSTICK_Config)
    i.HAL_TIMEx_BreakCallback                0x08002170   Section        0  stm32f4xx_hal_tim_ex.o(i.HAL_TIMEx_BreakCallback)
    i.HAL_TIMEx_CommutCallback               0x08002172   Section        0  stm32f4xx_hal_tim_ex.o(i.HAL_TIMEx_CommutCallback)
    i.HAL_TIMEx_MasterConfigSynchronization  0x08002174   Section        0  stm32f4xx_hal_tim_ex.o(i.HAL_TIMEx_MasterConfigSynchronization)
    i.HAL_TIM_Base_Init                      0x08002228   Section        0  stm32f4xx_hal_tim.o(i.HAL_TIM_Base_Init)
    i.HAL_TIM_Base_MspInit                   0x08002290   Section        0  tim.o(i.HAL_TIM_Base_MspInit)
    i.HAL_TIM_Base_Start_IT                  0x08002310   Section        0  stm32f4xx_hal_tim.o(i.HAL_TIM_Base_Start_IT)
    i.HAL_TIM_ConfigClockSource              0x080023b8   Section        0  stm32f4xx_hal_tim.o(i.HAL_TIM_ConfigClockSource)
    i.HAL_TIM_IC_CaptureCallback             0x080024c4   Section        0  stm32f4xx_hal_tim.o(i.HAL_TIM_IC_CaptureCallback)
    i.HAL_TIM_IRQHandler                     0x080024c6   Section        0  stm32f4xx_hal_tim.o(i.HAL_TIM_IRQHandler)
    i.HAL_TIM_MspPostInit                    0x08002634   Section        0  tim.o(i.HAL_TIM_MspPostInit)
    i.HAL_TIM_OC_DelayElapsedCallback        0x080026e4   Section        0  stm32f4xx_hal_tim.o(i.HAL_TIM_OC_DelayElapsedCallback)
    i.HAL_TIM_PWM_ConfigChannel              0x080026e6   Section        0  stm32f4xx_hal_tim.o(i.HAL_TIM_PWM_ConfigChannel)
    i.HAL_TIM_PWM_Init                       0x080027ea   Section        0  stm32f4xx_hal_tim.o(i.HAL_TIM_PWM_Init)
    i.HAL_TIM_PWM_MspInit                    0x08002850   Section        0  tim.o(i.HAL_TIM_PWM_MspInit)
    i.HAL_TIM_PWM_PulseFinishedCallback      0x080028b0   Section        0  stm32f4xx_hal_tim.o(i.HAL_TIM_PWM_PulseFinishedCallback)
    i.HAL_TIM_PWM_Start                      0x080028b4   Section        0  stm32f4xx_hal_tim.o(i.HAL_TIM_PWM_Start)
    i.HAL_TIM_PeriodElapsedCallback          0x080029c0   Section        0  timer.o(i.HAL_TIM_PeriodElapsedCallback)
    i.HAL_TIM_TriggerCallback                0x08002a70   Section        0  stm32f4xx_hal_tim.o(i.HAL_TIM_TriggerCallback)
    i.HAL_UARTEx_RxEventCallback             0x08002a72   Section        0  stm32f4xx_hal_uart.o(i.HAL_UARTEx_RxEventCallback)
    i.HAL_UART_ErrorCallback                 0x08002a74   Section        0  usart.o(i.HAL_UART_ErrorCallback)
    i.HAL_UART_IRQHandler                    0x08002ab0   Section        0  stm32f4xx_hal_uart.o(i.HAL_UART_IRQHandler)
    i.HAL_UART_Init                          0x08002db8   Section        0  stm32f4xx_hal_uart.o(i.HAL_UART_Init)
    i.HAL_UART_MspInit                       0x08002e30   Section        0  usart.o(i.HAL_UART_MspInit)
    i.HAL_UART_Receive_IT                    0x08002f68   Section        0  stm32f4xx_hal_uart.o(i.HAL_UART_Receive_IT)
    i.HAL_UART_RxCpltCallback                0x08002f94   Section        0  usart.o(i.HAL_UART_RxCpltCallback)
    i.HAL_UART_TxCpltCallback                0x080030bc   Section        0  stm32f4xx_hal_uart.o(i.HAL_UART_TxCpltCallback)
    i.HardFault_Handler                      0x080030be   Section        0  stm32f4xx_it.o(i.HardFault_Handler)
    i.InitLCD                                0x080030c4   Section        0  lcd.o(i.InitLCD)
    i.KEY_Scan                               0x080031c8   Section        0  key.o(i.KEY_Scan)
    i.LED_Init                               0x0800329c   Section        0  led.o(i.LED_Init)
    i.MX_ADC1_Init                           0x080032a8   Section        0  adc.o(i.MX_ADC1_Init)
    i.MX_DMA_Init                            0x08003464   Section        0  dma.o(i.MX_DMA_Init)
    i.MX_GPIO_Init                           0x0800349c   Section        0  gpio.o(i.MX_GPIO_Init)
    i.MX_TIM2_Init                           0x08003650   Section        0  tim.o(i.MX_TIM2_Init)
    i.MX_TIM3_Init                           0x080036bc   Section        0  tim.o(i.MX_TIM3_Init)
    i.MX_TIM4_Init                           0x08003768   Section        0  tim.o(i.MX_TIM4_Init)
    i.MX_TIM5_Init                           0x08003814   Section        0  tim.o(i.MX_TIM5_Init)
    i.MX_USART1_UART_Init                    0x08003880   Section        0  usart.o(i.MX_USART1_UART_Init)
    i.MX_USART2_UART_Init                    0x080038b8   Section        0  usart.o(i.MX_USART2_UART_Init)
    i.MarineRobot_init                       0x080038f0   Section        0  init.o(i.MarineRobot_init)
    i.MemManage_Handler                      0x08003940   Section        0  stm32f4xx_it.o(i.MemManage_Handler)
    i.NMI_Handler                            0x08003944   Section        0  stm32f4xx_it.o(i.NMI_Handler)
    i.OLED_GPIO_Config                       0x08003948   Section        0  lcd.o(i.OLED_GPIO_Config)
    i.PWM_Init                               0x0800394c   Section        0  pwm.o(i.PWM_Init)
    i.PendSV_Handler                         0x080039a0   Section        0  stm32f4xx_it.o(i.PendSV_Handler)
    i.SENSOR_Init                            0x080039a4   Section        0  sensor.o(i.SENSOR_Init)
    i.SVC_Handler                            0x080039c0   Section        0  stm32f4xx_it.o(i.SVC_Handler)
    i.SysTick_Handler                        0x080039c2   Section        0  stm32f4xx_it.o(i.SysTick_Handler)
    i.SystemClock_Config                     0x080039cc   Section        0  main.o(i.SystemClock_Config)
    i.SystemInit                             0x08003a80   Section        0  system_stm32f4xx.o(i.SystemInit)
    i.TIM2_IRQHandler                        0x08003a94   Section        0  stm32f4xx_it.o(i.TIM2_IRQHandler)
    i.TIM2_Int_Init                          0x08003aa4   Section        0  timer.o(i.TIM2_Int_Init)
    i.TIM5_IRQHandler                        0x08003aa8   Section        0  stm32f4xx_it.o(i.TIM5_IRQHandler)
    i.TIM5_Int_Init                          0x08003ab8   Section        0  timer.o(i.TIM5_Int_Init)
    i.TIM_Base_SetConfig                     0x08003abc   Section        0  stm32f4xx_hal_tim.o(i.TIM_Base_SetConfig)
    i.TIM_CCxChannelCmd                      0x08003b9c   Section        0  stm32f4xx_hal_tim.o(i.TIM_CCxChannelCmd)
    i.TIM_ETR_SetConfig                      0x08003bbe   Section        0  stm32f4xx_hal_tim.o(i.TIM_ETR_SetConfig)
    i.TIM_ITRx_SetConfig                     0x08003bd4   Section        0  stm32f4xx_hal_tim.o(i.TIM_ITRx_SetConfig)
    TIM_ITRx_SetConfig                       0x08003bd5   Thumb Code    18  stm32f4xx_hal_tim.o(i.TIM_ITRx_SetConfig)
    i.TIM_OC1_SetConfig                      0x08003be8   Section        0  stm32f4xx_hal_tim.o(i.TIM_OC1_SetConfig)
    TIM_OC1_SetConfig                        0x08003be9   Thumb Code   104  stm32f4xx_hal_tim.o(i.TIM_OC1_SetConfig)
    i.TIM_OC2_SetConfig                      0x08003c58   Section        0  stm32f4xx_hal_tim.o(i.TIM_OC2_SetConfig)
    i.TIM_OC3_SetConfig                      0x08003cd4   Section        0  stm32f4xx_hal_tim.o(i.TIM_OC3_SetConfig)
    TIM_OC3_SetConfig                        0x08003cd5   Thumb Code   112  stm32f4xx_hal_tim.o(i.TIM_OC3_SetConfig)
    i.TIM_OC4_SetConfig                      0x08003d4c   Section        0  stm32f4xx_hal_tim.o(i.TIM_OC4_SetConfig)
    TIM_OC4_SetConfig                        0x08003d4d   Thumb Code    74  stm32f4xx_hal_tim.o(i.TIM_OC4_SetConfig)
    i.TIM_TI1_ConfigInputStage               0x08003da0   Section        0  stm32f4xx_hal_tim.o(i.TIM_TI1_ConfigInputStage)
    TIM_TI1_ConfigInputStage                 0x08003da1   Thumb Code    38  stm32f4xx_hal_tim.o(i.TIM_TI1_ConfigInputStage)
    i.TIM_TI2_ConfigInputStage               0x08003dc6   Section        0  stm32f4xx_hal_tim.o(i.TIM_TI2_ConfigInputStage)
    TIM_TI2_ConfigInputStage                 0x08003dc7   Thumb Code    40  stm32f4xx_hal_tim.o(i.TIM_TI2_ConfigInputStage)
    i.UART_DMAAbortOnError                   0x08003dee   Section        0  stm32f4xx_hal_uart.o(i.UART_DMAAbortOnError)
    UART_DMAAbortOnError                     0x08003def   Thumb Code    18  stm32f4xx_hal_uart.o(i.UART_DMAAbortOnError)
    i.UART_EndRxTransfer                     0x08003e00   Section        0  stm32f4xx_hal_uart.o(i.UART_EndRxTransfer)
    UART_EndRxTransfer                       0x08003e01   Thumb Code   108  stm32f4xx_hal_uart.o(i.UART_EndRxTransfer)
    i.UART_EndTransmit_IT                    0x08003e6c   Section        0  stm32f4xx_hal_uart.o(i.UART_EndTransmit_IT)
    UART_EndTransmit_IT                      0x08003e6d   Thumb Code    32  stm32f4xx_hal_uart.o(i.UART_EndTransmit_IT)
    i.UART_Receive_IT                        0x08003e8c   Section        0  stm32f4xx_hal_uart.o(i.UART_Receive_IT)
    UART_Receive_IT                          0x08003e8d   Thumb Code   252  stm32f4xx_hal_uart.o(i.UART_Receive_IT)
    i.UART_SetConfig                         0x08003f88   Section        0  stm32f4xx_hal_uart.o(i.UART_SetConfig)
    UART_SetConfig                           0x08003f89   Thumb Code   546  stm32f4xx_hal_uart.o(i.UART_SetConfig)
    i.UART_Start_Receive_IT                  0x080041b4   Section        0  stm32f4xx_hal_uart.o(i.UART_Start_Receive_IT)
    i.UART_Transmit_IT                       0x080041f4   Section        0  stm32f4xx_hal_uart.o(i.UART_Transmit_IT)
    UART_Transmit_IT                         0x080041f5   Thumb Code    96  stm32f4xx_hal_uart.o(i.UART_Transmit_IT)
    i.USART1_IRQHandler                      0x08004254   Section        0  stm32f4xx_it.o(i.USART1_IRQHandler)
    i.USART2_IRQHandler                      0x08004264   Section        0  stm32f4xx_it.o(i.USART2_IRQHandler)
    i.UsageFault_Handler                     0x08004274   Section        0  stm32f4xx_it.o(i.UsageFault_Handler)
    i.__0sprintf$6                           0x08004278   Section        0  printf6.o(i.__0sprintf$6)
    i.__NVIC_GetPriorityGrouping             0x080042a0   Section        0  stm32f4xx_hal_cortex.o(i.__NVIC_GetPriorityGrouping)
    __NVIC_GetPriorityGrouping               0x080042a1   Thumb Code    10  stm32f4xx_hal_cortex.o(i.__NVIC_GetPriorityGrouping)
    i.__NVIC_SetPriority                     0x080042b0   Section        0  stm32f4xx_hal_cortex.o(i.__NVIC_SetPriority)
    __NVIC_SetPriority                       0x080042b1   Thumb Code    32  stm32f4xx_hal_cortex.o(i.__NVIC_SetPriority)
    i.__scatterload_copy                     0x080042d8   Section       14  handlers.o(i.__scatterload_copy)
    i.__scatterload_null                     0x080042e6   Section        2  handlers.o(i.__scatterload_null)
    i.__scatterload_zeroinit                 0x080042e8   Section       14  handlers.o(i.__scatterload_zeroinit)
    i._printf_core                           0x080042f8   Section        0  printf6.o(i._printf_core)
    _printf_core                             0x080042f9   Thumb Code   748  printf6.o(i._printf_core)
    i._printf_post_padding                   0x080045e8   Section        0  printf6.o(i._printf_post_padding)
    _printf_post_padding                     0x080045e9   Thumb Code    36  printf6.o(i._printf_post_padding)
    i._printf_pre_padding                    0x0800460c   Section        0  printf6.o(i._printf_pre_padding)
    _printf_pre_padding                      0x0800460d   Thumb Code    46  printf6.o(i._printf_pre_padding)
    i._sputc                                 0x0800463a   Section        0  printf6.o(i._sputc)
    _sputc                                   0x0800463b   Thumb Code    10  printf6.o(i._sputc)
    i.analog                                 0x08004644   Section        0  sensor.o(i.analog)
    i.back                                   0x080046b8   Section        0  edge.o(i.back)
    i.back_N90                               0x080046e0   Section        0  edge.o(i.back_N90)
    i.back_S90                               0x08004708   Section        0  edge.o(i.back_S90)
    i.beep                                   0x0800472c   Section        0  beep.o(i.beep)
    i.beep_off                               0x08004734   Section        0  beep.o(i.beep_off)
    i.beep_on                                0x08004748   Section        0  beep.o(i.beep_on)
    i.beep_time                              0x0800475c   Section        0  timer.o(i.beep_time)
    i.cam_angle                              0x08004770   Section        0  usart.o(i.cam_angle)
    i.cam_chase                              0x08004788   Section        0  ysy.o(i.cam_chase)
    i.cam_debug                              0x080047fc   Section        0  ysy.o(i.cam_debug)
    i.cam_fresh                              0x080048c8   Section        0  usart.o(i.cam_fresh)
    i.cam_on_stage                           0x080048e4   Section        0  usart.o(i.cam_on_stage)
    i.cam_target_type                        0x080048fc   Section        0  usart.o(i.cam_target_type)
    i.camera_init                            0x08004914   Section        0  usart.o(i.camera_init)
    i.clear_screen                           0x08004934   Section        0  lcd.o(i.clear_screen)
    i.delay                                  0x0800498c   Section        0  lcd.o(i.delay)
    i.delay_init                             0x080049a8   Section        0  delay.o(i.delay_init)
    i.delay_ms                               0x080049d8   Section        0  delay.o(i.delay_ms)
    i.digital                                0x080049e4   Section        0  sensor.o(i.digital)
    i.digital_gpio_init                      0x08004a18   Section        0  sensor.o(i.digital_gpio_init)
    digital_gpio_init                        0x08004a19   Thumb Code   226  sensor.o(i.digital_gpio_init)
    i.display_GB2312_string                  0x08004b04   Section        0  lcd.o(i.display_GB2312_string)
    i.display_GB2312_u1                      0x08004ba0   Section        0  lcd.o(i.display_GB2312_u1)
    i.display_GB2312_u16                     0x08004bcc   Section        0  lcd.o(i.display_GB2312_u16)
    i.display_graphic_16x16                  0x08004c0c   Section        0  lcd.o(i.display_graphic_16x16)
    i.display_graphic_8x16                   0x08004c70   Section        0  lcd.o(i.display_graphic_8x16)
    i.edge_spin                              0x08004cc8   Section        0  edge.o(i.edge_spin)
    i.emagnet_off                            0x08004cf0   Section        0  led.o(i.emagnet_off)
    i.emagnet_on                             0x08004d04   Section        0  led.o(i.emagnet_on)
    i.filter                                 0x08004d18   Section        0  sensor.o(i.filter)
    i.forward_stop                           0x08004da4   Section        0  edge.o(i.forward_stop)
    i.get_edge                               0x08004dcc   Section        0  edge.o(i.get_edge)
    i.init_servos                            0x08004e78   Section        0  pwm.o(i.init_servos)
    i.ir_close_push                          0x08004ec4   Section        0  ysy.o(i.ir_close_push)
    ir_close_push                            0x08004ec5   Thumb Code    80  ysy.o(i.ir_close_push)
    i.ir_close_sensor                        0x08004f18   Section        0  ysy.o(i.ir_close_sensor)
    ir_close_sensor                          0x08004f19   Thumb Code    42  ysy.o(i.ir_close_sensor)
    i.lcd_address                            0x08004f42   Section        0  lcd.o(i.lcd_address)
    i.led_off                                0x08004f64   Section        0  led.o(i.led_off)
    i.led_on                                 0x08004f78   Section        0  led.o(i.led_on)
    i.main                                   0x08004f8c   Section        0  main.o(i.main)
    i.motor                                  0x0800519c   Section        0  pwm.o(i.motor)
    i.mseconds                               0x08005260   Section        0  timer.o(i.mseconds)
    i.reset_time                             0x0800526c   Section        0  timer.o(i.reset_time)
    i.robot_camera_run                       0x08005280   Section        0  ysy.o(i.robot_camera_run)
    i.servos                                 0x08005328   Section        0  pwm.o(i.servos)
    i.start_feedback                         0x08005390   Section        0  ysy.o(i.start_feedback)
    i.start_time                             0x080053c8   Section        0  timer.o(i.start_time)
    i.start_time_1                           0x080053e8   Section        0  timer.o(i.start_time_1)
    i.test                                   0x08005408   Section        0  ysy.o(i.test)
    i.transfer_command_lcd                   0x08005644   Section        0  lcd.o(i.transfer_command_lcd)
    i.transfer_data_lcd                      0x080056b8   Section        0  lcd.o(i.transfer_data_lcd)
    i.uart_init                              0x0800572c   Section        0  usart.o(i.uart_init)
    .constdata                               0x08005744   Section      208  sensor.o(.constdata)
    s_dig                                    0x08005744   Data         208  sensor.o(.constdata)
    .constdata                               0x08005814   Section    262784  lcd.o(.constdata)
    gb2312_16x16                             0x08005814   Data       261696  lcd.o(.constdata)
    .constdata                               0x08045a94   Section        8  stm32f4xx_hal_dma.o(.constdata)
    flagBitshiftOffset                       0x08045a94   Data           8  stm32f4xx_hal_dma.o(.constdata)
    .constdata                               0x08045a9c   Section       24  system_stm32f4xx.o(.constdata)
    .data                                    0x20000000   Section        3  main.o(.data)
    sel                                      0x20000002   Data           1  main.o(.data)
    .data                                    0x20000004   Section       25  usart.o(.data)
    g_cam_type                               0x20000008   Data           1  usart.o(.data)
    g_cam_cx                                 0x20000009   Data           1  usart.o(.data)
    g_cam_angle                              0x2000000a   Data           1  usart.o(.data)
    g_cam_on_stage                           0x2000000b   Data           1  usart.o(.data)
    g_cam_last_ms                            0x2000000c   Data           4  usart.o(.data)
    g_cam_rxbyte                             0x20000010   Data           1  usart.o(.data)
    st                                       0x20000011   Data           1  usart.o(.data)
    len                                      0x20000012   Data           1  usart.o(.data)
    idx                                      0x20000013   Data           1  usart.o(.data)
    sum                                      0x20000014   Data           1  usart.o(.data)
    dat                                      0x20000015   Data           8  usart.o(.data)
    .data                                    0x20000020   Section        4  delay.o(.data)
    fac_us                                   0x20000020   Data           4  delay.o(.data)
    .data                                    0x20000024   Section        1  key.o(.data)
    key_up                                   0x20000024   Data           1  key.o(.data)
    .data                                    0x20000028   Section       16  timer.o(.data)
    .data                                    0x20000038   Section        8  pwm.o(.data)
    .data                                    0x20000040   Section     1524  lcd.o(.data)
    ascii_table_8x16                         0x20000040   Data        1520  lcd.o(.data)
    .data                                    0x20000634   Section        9  stm32f4xx_hal.o(.data)
    .data                                    0x20000640   Section        4  system_stm32f4xx.o(.data)
    .bss                                     0x20000644   Section      168  adc.o(.bss)
    .bss                                     0x200006ec   Section      288  tim.o(.bss)
    .bss                                     0x2000080c   Section      156  usart.o(.bss)
    g_CDSFrames                              0x2000080c   Data          11  usart.o(.bss)
    .bss                                     0x200008a8   Section       96  sensor.o(.bss)
    STACK                                    0x20000908   Section     1024  startup_stm32f407xx.o(STACK)

    Global Symbols

    Symbol Name                              Value     Ov Type        Size  Object(Section)

    BuildAttributes$$THM_ISAv4$E$P$D$K$B$S$7EM$VFPi3$EXTD16$VFPS$VFMA$PE$A:L22UL41UL21$X:L11$S22US41US21$IEEE1$IW$USESV6$~STKCKD$USESV7$~SHL$OSPACE$ROPI$EBA8$MICROLIB$REQ8$PRES8$EABIv2 0x00000000   Number         0  anon$$obj.o ABSOLUTE
    __ARM_use_no_argv                        0x00000000   Number         0  main.o ABSOLUTE
    __use_no_errno                           0x00000000   Number         0  useno.o ABSOLUTE
    __use_no_exception_handling              0x00000000   Number         0  useno.o ABSOLUTE
    __use_no_fp                              0x00000000   Number         0  useno.o ABSOLUTE
    __use_no_heap                            0x00000000   Number         0  useno.o ABSOLUTE
    __use_no_heap_region                     0x00000000   Number         0  useno.o ABSOLUTE
    __use_no_semihosting                     0x00000000   Number         0  useno.o ABSOLUTE
    __use_no_semihosting_swi                 0x00000000   Number         0  useno.o ABSOLUTE
    __use_no_signal_handling                 0x00000000   Number         0  useno.o ABSOLUTE
    _printf_a                                0x00000000   Number         0  stubs.o ABSOLUTE
    _printf_c                                0x00000000   Number         0  stubs.o ABSOLUTE
    _printf_charcount                        0x00000000   Number         0  stubs.o ABSOLUTE
    _printf_d                                0x00000000   Number         0  stubs.o ABSOLUTE
    _printf_e                                0x00000000   Number         0  stubs.o ABSOLUTE
    _printf_f                                0x00000000   Number         0  stubs.o ABSOLUTE
    _printf_flags                            0x00000000   Number         0  stubs.o ABSOLUTE
    _printf_fp_dec                           0x00000000   Number         0  stubs.o ABSOLUTE
    _printf_fp_hex                           0x00000000   Number         0  stubs.o ABSOLUTE
    _printf_g                                0x00000000   Number         0  stubs.o ABSOLUTE
    _printf_i                                0x00000000   Number         0  stubs.o ABSOLUTE
    _printf_int_dec                          0x00000000   Number         0  stubs.o ABSOLUTE
    _printf_l                                0x00000000   Number         0  stubs.o ABSOLUTE
    _printf_lc                               0x00000000   Number         0  stubs.o ABSOLUTE
    _printf_ll                               0x00000000   Number         0  stubs.o ABSOLUTE
    _printf_lld                              0x00000000   Number         0  stubs.o ABSOLUTE
    _printf_lli                              0x00000000   Number         0  stubs.o ABSOLUTE
    _printf_llo                              0x00000000   Number         0  stubs.o ABSOLUTE
    _printf_llu                              0x00000000   Number         0  stubs.o ABSOLUTE
    _printf_llx                              0x00000000   Number         0  stubs.o ABSOLUTE
    _printf_longlong_dec                     0x00000000   Number         0  stubs.o ABSOLUTE
    _printf_longlong_hex                     0x00000000   Number         0  stubs.o ABSOLUTE
    _printf_longlong_oct                     0x00000000   Number         0  stubs.o ABSOLUTE
    _printf_ls                               0x00000000   Number         0  stubs.o ABSOLUTE
    _printf_mbtowc                           0x00000000   Number         0  stubs.o ABSOLUTE
    _printf_n                                0x00000000   Number         0  stubs.o ABSOLUTE
    _printf_o                                0x00000000   Number         0  stubs.o ABSOLUTE
    _printf_p                                0x00000000   Number         0  stubs.o ABSOLUTE
    _printf_percent                          0x00000000   Number         0  stubs.o ABSOLUTE
    _printf_pre_padding                      0x00000000   Number         0  stubs.o ABSOLUTE
    _printf_return_value                     0x00000000   Number         0  stubs.o ABSOLUTE
    _printf_s                                0x00000000   Number         0  stubs.o ABSOLUTE
    _printf_sizespec                         0x00000000   Number         0  stubs.o ABSOLUTE
    _printf_str                              0x00000000   Number         0  stubs.o ABSOLUTE
    _printf_truncate_signed                  0x00000000   Number         0  stubs.o ABSOLUTE
    _printf_truncate_unsigned                0x00000000   Number         0  stubs.o ABSOLUTE
    _printf_u                                0x00000000   Number         0  stubs.o ABSOLUTE
    _printf_wc                               0x00000000   Number         0  stubs.o ABSOLUTE
    _printf_wctomb                           0x00000000   Number         0  stubs.o ABSOLUTE
    _printf_widthprec                        0x00000000   Number         0  stubs.o ABSOLUTE
    _printf_x                                0x00000000   Number         0  stubs.o ABSOLUTE
    __arm_fini_                               - Undefined Weak Reference
    __cpp_initialize__aeabi_                  - Undefined Weak Reference
    __cxa_finalize                            - Undefined Weak Reference
    _clock_init                               - Undefined Weak Reference
    _microlib_exit                            - Undefined Weak Reference
    __Vectors_Size                           0x00000188   Number         0  startup_stm32f407xx.o ABSOLUTE
    __Vectors                                0x08000000   Data           4  startup_stm32f407xx.o(RESET)
    __Vectors_End                            0x08000188   Data           0  startup_stm32f407xx.o(RESET)
    __main                                   0x08000189   Thumb Code     0  entry.o(.ARM.Collect$$$$00000000)
    _main_stk                                0x08000189   Thumb Code     0  entry2.o(.ARM.Collect$$$$00000001)
    _main_scatterload                        0x0800018d   Thumb Code     0  entry5.o(.ARM.Collect$$$$00000004)
    __main_after_scatterload                 0x08000191   Thumb Code     0  entry5.o(.ARM.Collect$$$$00000004)
    _main_clock                              0x08000191   Thumb Code     0  entry7b.o(.ARM.Collect$$$$00000008)
    _main_cpp_init                           0x08000191   Thumb Code     0  entry8b.o(.ARM.Collect$$$$0000000A)
    _main_init                               0x08000191   Thumb Code     0  entry9a.o(.ARM.Collect$$$$0000000B)
    __rt_lib_shutdown_fini                   0x08000199   Thumb Code     0  entry12b.o(.ARM.Collect$$$$0000000E)
    __rt_final_cpp                           0x0800019d   Thumb Code     0  entry10a.o(.ARM.Collect$$$$0000000F)
    __rt_final_exit                          0x0800019d   Thumb Code     0  entry11a.o(.ARM.Collect$$$$00000011)
    Reset_Handler                            0x080001a1   Thumb Code     8  startup_stm32f407xx.o(.text)
    ADC_IRQHandler                           0x080001bb   Thumb Code     0  startup_stm32f407xx.o(.text)
    CAN1_RX0_IRQHandler                      0x080001bb   Thumb Code     0  startup_stm32f407xx.o(.text)
    CAN1_RX1_IRQHandler                      0x080001bb   Thumb Code     0  startup_stm32f407xx.o(.text)
    CAN1_SCE_IRQHandler                      0x080001bb   Thumb Code     0  startup_stm32f407xx.o(.text)
    CAN1_TX_IRQHandler                       0x080001bb   Thumb Code     0  startup_stm32f407xx.o(.text)
    CAN2_RX0_IRQHandler                      0x080001bb   Thumb Code     0  startup_stm32f407xx.o(.text)
    CAN2_RX1_IRQHandler                      0x080001bb   Thumb Code     0  startup_stm32f407xx.o(.text)
    CAN2_SCE_IRQHandler                      0x080001bb   Thumb Code     0  startup_stm32f407xx.o(.text)
    CAN2_TX_IRQHandler                       0x080001bb   Thumb Code     0  startup_stm32f407xx.o(.text)
    DCMI_IRQHandler                          0x080001bb   Thumb Code     0  startup_stm32f407xx.o(.text)
    DMA1_Stream0_IRQHandler                  0x080001bb   Thumb Code     0  startup_stm32f407xx.o(.text)
    DMA1_Stream1_IRQHandler                  0x080001bb   Thumb Code     0  startup_stm32f407xx.o(.text)
    DMA1_Stream2_IRQHandler                  0x080001bb   Thumb Code     0  startup_stm32f407xx.o(.text)
    DMA1_Stream3_IRQHandler                  0x080001bb   Thumb Code     0  startup_stm32f407xx.o(.text)
    DMA1_Stream4_IRQHandler                  0x080001bb   Thumb Code     0  startup_stm32f407xx.o(.text)
    DMA1_Stream5_IRQHandler                  0x080001bb   Thumb Code     0  startup_stm32f407xx.o(.text)
    DMA1_Stream6_IRQHandler                  0x080001bb   Thumb Code     0  startup_stm32f407xx.o(.text)
    DMA1_Stream7_IRQHandler                  0x080001bb   Thumb Code     0  startup_stm32f407xx.o(.text)
    DMA2_Stream1_IRQHandler                  0x080001bb   Thumb Code     0  startup_stm32f407xx.o(.text)
    DMA2_Stream2_IRQHandler                  0x080001bb   Thumb Code     0  startup_stm32f407xx.o(.text)
    DMA2_Stream3_IRQHandler                  0x080001bb   Thumb Code     0  startup_stm32f407xx.o(.text)
    DMA2_Stream4_IRQHandler                  0x080001bb   Thumb Code     0  startup_stm32f407xx.o(.text)
    DMA2_Stream5_IRQHandler                  0x080001bb   Thumb Code     0  startup_stm32f407xx.o(.text)
    DMA2_Stream6_IRQHandler                  0x080001bb   Thumb Code     0  startup_stm32f407xx.o(.text)
    DMA2_Stream7_IRQHandler                  0x080001bb   Thumb Code     0  startup_stm32f407xx.o(.text)
    ETH_IRQHandler                           0x080001bb   Thumb Code     0  startup_stm32f407xx.o(.text)
    ETH_WKUP_IRQHandler                      0x080001bb   Thumb Code     0  startup_stm32f407xx.o(.text)
    EXTI0_IRQHandler                         0x080001bb   Thumb Code     0  startup_stm32f407xx.o(.text)
    EXTI15_10_IRQHandler                     0x080001bb   Thumb Code     0  startup_stm32f407xx.o(.text)
    EXTI1_IRQHandler                         0x080001bb   Thumb Code     0  startup_stm32f407xx.o(.text)
    EXTI2_IRQHandler                         0x080001bb   Thumb Code     0  startup_stm32f407xx.o(.text)
    EXTI3_IRQHandler                         0x080001bb   Thumb Code     0  startup_stm32f407xx.o(.text)
    EXTI4_IRQHandler                         0x080001bb   Thumb Code     0  startup_stm32f407xx.o(.text)
    EXTI9_5_IRQHandler                       0x080001bb   Thumb Code     0  startup_stm32f407xx.o(.text)
    FLASH_IRQHandler                         0x080001bb   Thumb Code     0  startup_stm32f407xx.o(.text)
    FMC_IRQHandler                           0x080001bb   Thumb Code     0  startup_stm32f407xx.o(.text)
    FPU_IRQHandler                           0x080001bb   Thumb Code     0  startup_stm32f407xx.o(.text)
    HASH_RNG_IRQHandler                      0x080001bb   Thumb Code     0  startup_stm32f407xx.o(.text)
    I2C1_ER_IRQHandler                       0x080001bb   Thumb Code     0  startup_stm32f407xx.o(.text)
    I2C1_EV_IRQHandler                       0x080001bb   Thumb Code     0  startup_stm32f407xx.o(.text)
    I2C2_ER_IRQHandler                       0x080001bb   Thumb Code     0  startup_stm32f407xx.o(.text)
    I2C2_EV_IRQHandler                       0x080001bb   Thumb Code     0  startup_stm32f407xx.o(.text)
    I2C3_ER_IRQHandler                       0x080001bb   Thumb Code     0  startup_stm32f407xx.o(.text)
    I2C3_EV_IRQHandler                       0x080001bb   Thumb Code     0  startup_stm32f407xx.o(.text)
    OTG_FS_IRQHandler                        0x080001bb   Thumb Code     0  startup_stm32f407xx.o(.text)
    OTG_FS_WKUP_IRQHandler                   0x080001bb   Thumb Code     0  startup_stm32f407xx.o(.text)
    OTG_HS_EP1_IN_IRQHandler                 0x080001bb   Thumb Code     0  startup_stm32f407xx.o(.text)
    OTG_HS_EP1_OUT_IRQHandler                0x080001bb   Thumb Code     0  startup_stm32f407xx.o(.text)
    OTG_HS_IRQHandler                        0x080001bb   Thumb Code     0  startup_stm32f407xx.o(.text)
    OTG_HS_WKUP_IRQHandler                   0x080001bb   Thumb Code     0  startup_stm32f407xx.o(.text)
    PVD_IRQHandler                           0x080001bb   Thumb Code     0  startup_stm32f407xx.o(.text)
    RCC_IRQHandler                           0x080001bb   Thumb Code     0  startup_stm32f407xx.o(.text)
    RTC_Alarm_IRQHandler                     0x080001bb   Thumb Code     0  startup_stm32f407xx.o(.text)
    RTC_WKUP_IRQHandler                      0x080001bb   Thumb Code     0  startup_stm32f407xx.o(.text)
    SDIO_IRQHandler                          0x080001bb   Thumb Code     0  startup_stm32f407xx.o(.text)
    SPI1_IRQHandler                          0x080001bb   Thumb Code     0  startup_stm32f407xx.o(.text)
    SPI2_IRQHandler                          0x080001bb   Thumb Code     0  startup_stm32f407xx.o(.text)
    SPI3_IRQHandler                          0x080001bb   Thumb Code     0  startup_stm32f407xx.o(.text)
    TAMP_STAMP_IRQHandler                    0x080001bb   Thumb Code     0  startup_stm32f407xx.o(.text)
    TIM1_BRK_TIM9_IRQHandler                 0x080001bb   Thumb Code     0  startup_stm32f407xx.o(.text)
    TIM1_CC_IRQHandler                       0x080001bb   Thumb Code     0  startup_stm32f407xx.o(.text)
    TIM1_TRG_COM_TIM11_IRQHandler            0x080001bb   Thumb Code     0  startup_stm32f407xx.o(.text)
    TIM1_UP_TIM10_IRQHandler                 0x080001bb   Thumb Code     0  startup_stm32f407xx.o(.text)
    TIM3_IRQHandler                          0x080001bb   Thumb Code     0  startup_stm32f407xx.o(.text)
    TIM4_IRQHandler                          0x080001bb   Thumb Code     0  startup_stm32f407xx.o(.text)
    TIM6_DAC_IRQHandler                      0x080001bb   Thumb Code     0  startup_stm32f407xx.o(.text)
    TIM7_IRQHandler                          0x080001bb   Thumb Code     0  startup_stm32f407xx.o(.text)
    TIM8_BRK_TIM12_IRQHandler                0x080001bb   Thumb Code     0  startup_stm32f407xx.o(.text)
    TIM8_CC_IRQHandler                       0x080001bb   Thumb Code     0  startup_stm32f407xx.o(.text)
    TIM8_TRG_COM_TIM14_IRQHandler            0x080001bb   Thumb Code     0  startup_stm32f407xx.o(.text)
    TIM8_UP_TIM13_IRQHandler                 0x080001bb   Thumb Code     0  startup_stm32f407xx.o(.text)
    UART4_IRQHandler                         0x080001bb   Thumb Code     0  startup_stm32f407xx.o(.text)
    UART5_IRQHandler                         0x080001bb   Thumb Code     0  startup_stm32f407xx.o(.text)
    USART3_IRQHandler                        0x080001bb   Thumb Code     0  startup_stm32f407xx.o(.text)
    USART6_IRQHandler                        0x080001bb   Thumb Code     0  startup_stm32f407xx.o(.text)
    WWDG_IRQHandler                          0x080001bb   Thumb Code     0  startup_stm32f407xx.o(.text)
    __aeabi_uldivmod                         0x080001c5   Thumb Code    98  uldiv.o(.text)
    __aeabi_memset                           0x08000227   Thumb Code    14  memseta.o(.text)
    __aeabi_memset4                          0x08000227   Thumb Code     0  memseta.o(.text)
    __aeabi_memset8                          0x08000227   Thumb Code     0  memseta.o(.text)
    __aeabi_memclr                           0x08000235   Thumb Code     4  memseta.o(.text)
    __aeabi_memclr4                          0x08000235   Thumb Code     0  memseta.o(.text)
    __aeabi_memclr8                          0x08000235   Thumb Code     0  memseta.o(.text)
    _memset$wrapper                          0x08000239   Thumb Code    18  memseta.o(.text)
    __aeabi_dadd                             0x0800024b   Thumb Code   322  dadd.o(.text)
    __aeabi_dsub                             0x0800038d   Thumb Code     6  dadd.o(.text)
    __aeabi_drsub                            0x08000393   Thumb Code     6  dadd.o(.text)
    __aeabi_dmul                             0x08000399   Thumb Code   228  dmul.o(.text)
    __aeabi_ui2d                             0x0800047d   Thumb Code    26  dfltui.o(.text)
    __aeabi_d2uiz                            0x08000497   Thumb Code    50  dfixui.o(.text)
    __aeabi_uidiv                            0x080004c9   Thumb Code     0  uidiv.o(.text)
    __aeabi_uidivmod                         0x080004c9   Thumb Code    44  uidiv.o(.text)
    __aeabi_llsl                             0x080004f5   Thumb Code    30  llshl.o(.text)
    _ll_shift_l                              0x080004f5   Thumb Code     0  llshl.o(.text)
    __aeabi_llsr                             0x08000513   Thumb Code    32  llushr.o(.text)
    _ll_ushift_r                             0x08000513   Thumb Code     0  llushr.o(.text)
    __aeabi_lasr                             0x08000533   Thumb Code    36  llsshr.o(.text)
    _ll_sshift_r                             0x08000533   Thumb Code     0  llsshr.o(.text)
    __I$use$fp                               0x08000557   Thumb Code     0  iusefp.o(.text)
    _double_round                            0x08000557   Thumb Code    30  depilogue.o(.text)
    _double_epilogue                         0x08000575   Thumb Code   156  depilogue.o(.text)
    __scatterload                            0x08000611   Thumb Code    28  init.o(.text)
    __scatterload_rt2                        0x08000611   Thumb Code     0  init.o(.text)
    __decompress                             0x08000635   Thumb Code     0  __dczerorl2.o(.text)
    __decompress1                            0x08000635   Thumb Code    86  __dczerorl2.o(.text)
    AD_Detection                             0x08000891   Thumb Code   572  ad_detection.o(i.AD_Detection)
    BEEP_Init                                0x08000b4d   Thumb Code     8  beep.o(i.BEEP_Init)
    BusFault_Handler                         0x08000b55   Thumb Code     4  stm32f4xx_it.o(i.BusFault_Handler)
    DMA2_Stream0_IRQHandler                  0x08000b59   Thumb Code    10  stm32f4xx_it.o(i.DMA2_Stream0_IRQHandler)
    DebugMon_Handler                         0x08000c73   Thumb Code     2  stm32f4xx_it.o(i.DebugMon_Handler)
    Error_Handler                            0x08000c75   Thumb Code     6  main.o(i.Error_Handler)
    GoodMoto                                 0x08000c7d   Thumb Code    32  pwm.o(i.GoodMoto)
    HAL_ADC_ConfigChannel                    0x08000ca5   Thumb Code   380  stm32f4xx_hal_adc.o(i.HAL_ADC_ConfigChannel)
    HAL_ADC_ConvCpltCallback                 0x08000e31   Thumb Code     2  stm32f4xx_hal_adc.o(i.HAL_ADC_ConvCpltCallback)
    HAL_ADC_ConvHalfCpltCallback             0x08000e33   Thumb Code     2  stm32f4xx_hal_adc.o(i.HAL_ADC_ConvHalfCpltCallback)
    HAL_ADC_ErrorCallback                    0x08000e35   Thumb Code     2  stm32f4xx_hal_adc.o(i.HAL_ADC_ErrorCallback)
    HAL_ADC_Init                             0x08000e39   Thumb Code   100  stm32f4xx_hal_adc.o(i.HAL_ADC_Init)
    HAL_ADC_MspInit                          0x08000ea1   Thumb Code   274  adc.o(i.HAL_ADC_MspInit)
    HAL_ADC_Start_DMA                        0x08000fd1   Thumb Code   406  stm32f4xx_hal_adc.o(i.HAL_ADC_Start_DMA)
    HAL_DMA_Abort                            0x0800118d   Thumb Code   172  stm32f4xx_hal_dma.o(i.HAL_DMA_Abort)
    HAL_DMA_Abort_IT                         0x08001239   Thumb Code    40  stm32f4xx_hal_dma.o(i.HAL_DMA_Abort_IT)
    HAL_DMA_IRQHandler                       0x08001261   Thumb Code   570  stm32f4xx_hal_dma.o(i.HAL_DMA_IRQHandler)
    HAL_DMA_Init                             0x080014a1   Thumb Code   232  stm32f4xx_hal_dma.o(i.HAL_DMA_Init)
    HAL_DMA_Start_IT                         0x0800158d   Thumb Code   146  stm32f4xx_hal_dma.o(i.HAL_DMA_Start_IT)
    HAL_Delay                                0x08001621   Thumb Code    36  stm32f4xx_hal.o(i.HAL_Delay)
    HAL_GPIO_Init                            0x08001649   Thumb Code   454  stm32f4xx_hal_gpio.o(i.HAL_GPIO_Init)
    HAL_GPIO_ReadPin                         0x0800183d   Thumb Code    16  stm32f4xx_hal_gpio.o(i.HAL_GPIO_ReadPin)
    HAL_GPIO_WritePin                        0x0800184d   Thumb Code    12  stm32f4xx_hal_gpio.o(i.HAL_GPIO_WritePin)
    HAL_GetTick                              0x08001859   Thumb Code     6  stm32f4xx_hal.o(i.HAL_GetTick)
    HAL_IncTick                              0x08001865   Thumb Code    16  stm32f4xx_hal.o(i.HAL_IncTick)
    HAL_Init                                 0x0800187d   Thumb Code    54  stm32f4xx_hal.o(i.HAL_Init)
    HAL_InitTick                             0x080018b9   Thumb Code    64  stm32f4xx_hal.o(i.HAL_InitTick)
    HAL_MspInit                              0x08001905   Thumb Code    74  stm32f4xx_hal_msp.o(i.HAL_MspInit)
    HAL_NVIC_EnableIRQ                       0x08001955   Thumb Code    40  stm32f4xx_hal_cortex.o(i.HAL_NVIC_EnableIRQ)
    HAL_NVIC_SetPriority                     0x0800197d   Thumb Code   124  stm32f4xx_hal_cortex.o(i.HAL_NVIC_SetPriority)
    HAL_NVIC_SetPriorityGrouping             0x080019f9   Thumb Code    32  stm32f4xx_hal_cortex.o(i.HAL_NVIC_SetPriorityGrouping)
    HAL_RCC_ClockConfig                      0x08001a21   Thumb Code   368  stm32f4xx_hal_rcc.o(i.HAL_RCC_ClockConfig)
    HAL_RCC_GetHCLKFreq                      0x08001ba5   Thumb Code     6  stm32f4xx_hal_rcc.o(i.HAL_RCC_GetHCLKFreq)
    HAL_RCC_GetPCLK1Freq                     0x08001bb1   Thumb Code    22  stm32f4xx_hal_rcc.o(i.HAL_RCC_GetPCLK1Freq)
    HAL_RCC_GetPCLK2Freq                     0x08001bd1   Thumb Code    22  stm32f4xx_hal_rcc.o(i.HAL_RCC_GetPCLK2Freq)
    HAL_RCC_GetSysClockFreq                  0x08001bf1   Thumb Code   162  stm32f4xx_hal_rcc.o(i.HAL_RCC_GetSysClockFreq)
    HAL_RCC_OscConfig                        0x08001ca1   Thumb Code  1172  stm32f4xx_hal_rcc.o(i.HAL_RCC_OscConfig)
    HAL_SYSTICK_Config                       0x0800213d   Thumb Code    52  stm32f4xx_hal_cortex.o(i.HAL_SYSTICK_Config)
    HAL_TIMEx_BreakCallback                  0x08002171   Thumb Code     2  stm32f4xx_hal_tim_ex.o(i.HAL_TIMEx_BreakCallback)
    HAL_TIMEx_CommutCallback                 0x08002173   Thumb Code     2  stm32f4xx_hal_tim_ex.o(i.HAL_TIMEx_CommutCallback)
    HAL_TIMEx_MasterConfigSynchronization    0x08002175   Thumb Code   150  stm32f4xx_hal_tim_ex.o(i.HAL_TIMEx_MasterConfigSynchronization)
    HAL_TIM_Base_Init                        0x08002229   Thumb Code   102  stm32f4xx_hal_tim.o(i.HAL_TIM_Base_Init)
    HAL_TIM_Base_MspInit                     0x08002291   Thumb Code   120  tim.o(i.HAL_TIM_Base_MspInit)
    HAL_TIM_Base_Start_IT                    0x08002311   Thumb Code   138  stm32f4xx_hal_tim.o(i.HAL_TIM_Base_Start_IT)
    HAL_TIM_ConfigClockSource                0x080023b9   Thumb Code   268  stm32f4xx_hal_tim.o(i.HAL_TIM_ConfigClockSource)
    HAL_TIM_IC_CaptureCallback               0x080024c5   Thumb Code     2  stm32f4xx_hal_tim.o(i.HAL_TIM_IC_CaptureCallback)
    HAL_TIM_IRQHandler                       0x080024c7   Thumb Code   364  stm32f4xx_hal_tim.o(i.HAL_TIM_IRQHandler)
    HAL_TIM_MspPostInit                      0x08002635   Thumb Code   156  tim.o(i.HAL_TIM_MspPostInit)
    HAL_TIM_OC_DelayElapsedCallback          0x080026e5   Thumb Code     2  stm32f4xx_hal_tim.o(i.HAL_TIM_OC_DelayElapsedCallback)
    HAL_TIM_PWM_ConfigChannel                0x080026e7   Thumb Code   260  stm32f4xx_hal_tim.o(i.HAL_TIM_PWM_ConfigChannel)
    HAL_TIM_PWM_Init                         0x080027eb   Thumb Code   102  stm32f4xx_hal_tim.o(i.HAL_TIM_PWM_Init)
    HAL_TIM_PWM_MspInit                      0x08002851   Thumb Code    84  tim.o(i.HAL_TIM_PWM_MspInit)
    HAL_TIM_PWM_PulseFinishedCallback        0x080028b1   Thumb Code     2  stm32f4xx_hal_tim.o(i.HAL_TIM_PWM_PulseFinishedCallback)
    HAL_TIM_PWM_Start                        0x080028b5   Thumb Code   238  stm32f4xx_hal_tim.o(i.HAL_TIM_PWM_Start)
    HAL_TIM_PeriodElapsedCallback            0x080029c1   Thumb Code   142  timer.o(i.HAL_TIM_PeriodElapsedCallback)
    HAL_TIM_TriggerCallback                  0x08002a71   Thumb Code     2  stm32f4xx_hal_tim.o(i.HAL_TIM_TriggerCallback)
    HAL_UARTEx_RxEventCallback               0x08002a73   Thumb Code     2  stm32f4xx_hal_uart.o(i.HAL_UARTEx_RxEventCallback)
    HAL_UART_ErrorCallback                   0x08002a75   Thumb Code    46  usart.o(i.HAL_UART_ErrorCallback)
    HAL_UART_IRQHandler                      0x08002ab1   Thumb Code   772  stm32f4xx_hal_uart.o(i.HAL_UART_IRQHandler)
    HAL_UART_Init                            0x08002db9   Thumb Code   118  stm32f4xx_hal_uart.o(i.HAL_UART_Init)
    HAL_UART_MspInit                         0x08002e31   Thumb Code   292  usart.o(i.HAL_UART_MspInit)
    HAL_UART_Receive_IT                      0x08002f69   Thumb Code    44  stm32f4xx_hal_uart.o(i.HAL_UART_Receive_IT)
    HAL_UART_RxCpltCallback                  0x08002f95   Thumb Code   244  usart.o(i.HAL_UART_RxCpltCallback)
    HAL_UART_TxCpltCallback                  0x080030bd   Thumb Code     2  stm32f4xx_hal_uart.o(i.HAL_UART_TxCpltCallback)
    HardFault_Handler                        0x080030bf   Thumb Code     4  stm32f4xx_it.o(i.HardFault_Handler)
    InitLCD                                  0x080030c5   Thumb Code   256  lcd.o(i.InitLCD)
    KEY_Scan                                 0x080031c9   Thumb Code   192  key.o(i.KEY_Scan)
    LED_Init                                 0x0800329d   Thumb Code    12  led.o(i.LED_Init)
    MX_ADC1_Init                             0x080032a9   Thumb Code   432  adc.o(i.MX_ADC1_Init)
    MX_DMA_Init                              0x08003465   Thumb Code    52  dma.o(i.MX_DMA_Init)
    MX_GPIO_Init                             0x0800349d   Thumb Code   412  gpio.o(i.MX_GPIO_Init)
    MX_TIM2_Init                             0x08003651   Thumb Code   102  tim.o(i.MX_TIM2_Init)
    MX_TIM3_Init                             0x080036bd   Thumb Code   162  tim.o(i.MX_TIM3_Init)
    MX_TIM4_Init                             0x08003769   Thumb Code   162  tim.o(i.MX_TIM4_Init)
    MX_TIM5_Init                             0x08003815   Thumb Code   100  tim.o(i.MX_TIM5_Init)
    MX_USART1_UART_Init                      0x08003881   Thumb Code    44  usart.o(i.MX_USART1_UART_Init)
    MX_USART2_UART_Init                      0x080038b9   Thumb Code    46  usart.o(i.MX_USART2_UART_Init)
    MarineRobot_init                         0x080038f1   Thumb Code    74  init.o(i.MarineRobot_init)
    MemManage_Handler                        0x08003941   Thumb Code     4  stm32f4xx_it.o(i.MemManage_Handler)
    NMI_Handler                              0x08003945   Thumb Code     4  stm32f4xx_it.o(i.NMI_Handler)
    OLED_GPIO_Config                         0x08003949   Thumb Code     2  lcd.o(i.OLED_GPIO_Config)
    PWM_Init                                 0x0800394d   Thumb Code    74  pwm.o(i.PWM_Init)
    PendSV_Handler                           0x080039a1   Thumb Code     2  stm32f4xx_it.o(i.PendSV_Handler)
    SENSOR_Init                              0x080039a5   Thumb Code    18  sensor.o(i.SENSOR_Init)
    SVC_Handler                              0x080039c1   Thumb Code     2  stm32f4xx_it.o(i.SVC_Handler)
    SysTick_Handler                          0x080039c3   Thumb Code     8  stm32f4xx_it.o(i.SysTick_Handler)
    SystemClock_Config                       0x080039cd   Thumb Code   172  main.o(i.SystemClock_Config)
    SystemInit                               0x08003a81   Thumb Code    14  system_stm32f4xx.o(i.SystemInit)
    TIM2_IRQHandler                          0x08003a95   Thumb Code    10  stm32f4xx_it.o(i.TIM2_IRQHandler)
    TIM2_Int_Init                            0x08003aa5   Thumb Code     2  timer.o(i.TIM2_Int_Init)
    TIM5_IRQHandler                          0x08003aa9   Thumb Code    10  stm32f4xx_it.o(i.TIM5_IRQHandler)
    TIM5_Int_Init                            0x08003ab9   Thumb Code     2  timer.o(i.TIM5_Int_Init)
    TIM_Base_SetConfig                       0x08003abd   Thumb Code   178  stm32f4xx_hal_tim.o(i.TIM_Base_SetConfig)
    TIM_CCxChannelCmd                        0x08003b9d   Thumb Code    34  stm32f4xx_hal_tim.o(i.TIM_CCxChannelCmd)
    TIM_ETR_SetConfig                        0x08003bbf   Thumb Code    22  stm32f4xx_hal_tim.o(i.TIM_ETR_SetConfig)
    TIM_OC2_SetConfig                        0x08003c59   Thumb Code   114  stm32f4xx_hal_tim.o(i.TIM_OC2_SetConfig)
    UART_Start_Receive_IT                    0x080041b5   Thumb Code    64  stm32f4xx_hal_uart.o(i.UART_Start_Receive_IT)
    USART1_IRQHandler                        0x08004255   Thumb Code    10  stm32f4xx_it.o(i.USART1_IRQHandler)
    USART2_IRQHandler                        0x08004265   Thumb Code    10  stm32f4xx_it.o(i.USART2_IRQHandler)
    UsageFault_Handler                       0x08004275   Thumb Code     4  stm32f4xx_it.o(i.UsageFault_Handler)
    __0sprintf$6                             0x08004279   Thumb Code    34  printf6.o(i.__0sprintf$6)
    __1sprintf$6                             0x08004279   Thumb Code     0  printf6.o(i.__0sprintf$6)
    __2sprintf                               0x08004279   Thumb Code     0  printf6.o(i.__0sprintf$6)
    __scatterload_copy                       0x080042d9   Thumb Code    14  handlers.o(i.__scatterload_copy)
    __scatterload_null                       0x080042e7   Thumb Code     2  handlers.o(i.__scatterload_null)
    __scatterload_zeroinit                   0x080042e9   Thumb Code    14  handlers.o(i.__scatterload_zeroinit)
    analog                                   0x08004645   Thumb Code   110  sensor.o(i.analog)
    back                                     0x080046b9   Thumb Code    34  edge.o(i.back)
    back_N90                                 0x080046e1   Thumb Code    34  edge.o(i.back_N90)
    back_S90                                 0x08004709   Thumb Code    36  edge.o(i.back_S90)
    beep                                     0x0800472d   Thumb Code     8  beep.o(i.beep)
    beep_off                                 0x08004735   Thumb Code    14  beep.o(i.beep_off)
    beep_on                                  0x08004749   Thumb Code    16  beep.o(i.beep_on)
    beep_time                                0x0800475d   Thumb Code    14  timer.o(i.beep_time)
    cam_angle                                0x08004771   Thumb Code    18  usart.o(i.cam_angle)
    cam_chase                                0x08004789   Thumb Code   112  ysy.o(i.cam_chase)
    cam_debug                                0x080047fd   Thumb Code   154  ysy.o(i.cam_debug)
    cam_fresh                                0x080048c9   Thumb Code    24  usart.o(i.cam_fresh)
    cam_on_stage                             0x080048e5   Thumb Code    18  usart.o(i.cam_on_stage)
    cam_target_type                          0x080048fd   Thumb Code    18  usart.o(i.cam_target_type)
    camera_init                              0x08004915   Thumb Code    24  usart.o(i.camera_init)
    clear_screen                             0x08004935   Thumb Code    84  lcd.o(i.clear_screen)
    delay                                    0x0800498d   Thumb Code    26  lcd.o(i.delay)
    delay_init                               0x080049a9   Thumb Code    34  delay.o(i.delay_init)
    delay_ms                                 0x080049d9   Thumb Code    12  delay.o(i.delay_ms)
    digital                                  0x080049e5   Thumb Code    48  sensor.o(i.digital)
    display_GB2312_string                    0x08004b05   Thumb Code   146  lcd.o(i.display_GB2312_string)
    display_GB2312_u1                        0x08004ba1   Thumb Code    44  lcd.o(i.display_GB2312_u1)
    display_GB2312_u16                       0x08004bcd   Thumb Code    46  lcd.o(i.display_GB2312_u16)
    display_graphic_16x16                    0x08004c0d   Thumb Code    94  lcd.o(i.display_graphic_16x16)
    display_graphic_8x16                     0x08004c71   Thumb Code    84  lcd.o(i.display_graphic_8x16)
    edge_spin                                0x08004cc9   Thumb Code    38  edge.o(i.edge_spin)
    emagnet_off                              0x08004cf1   Thumb Code    14  led.o(i.emagnet_off)
    emagnet_on                               0x08004d05   Thumb Code    16  led.o(i.emagnet_on)
    filter                                   0x08004d19   Thumb Code   112  sensor.o(i.filter)
    forward_stop                             0x08004da5   Thumb Code    36  edge.o(i.forward_stop)
    get_edge                                 0x08004dcd   Thumb Code   156  edge.o(i.get_edge)
    init_servos                              0x08004e79   Thumb Code    72  pwm.o(i.init_servos)
    lcd_address                              0x08004f43   Thumb Code    34  lcd.o(i.lcd_address)
    led_off                                  0x08004f65   Thumb Code    14  led.o(i.led_off)
    led_on                                   0x08004f79   Thumb Code    16  led.o(i.led_on)
    main                                     0x08004f8d   Thumb Code   434  main.o(i.main)
    motor                                    0x0800519d   Thumb Code   184  pwm.o(i.motor)
    mseconds                                 0x08005261   Thumb Code     6  timer.o(i.mseconds)
    reset_time                               0x0800526d   Thumb Code    12  timer.o(i.reset_time)
    robot_camera_run                         0x08005281   Thumb Code   124  ysy.o(i.robot_camera_run)
    servos                                   0x08005329   Thumb Code   100  pwm.o(i.servos)
    start_feedback                           0x08005391   Thumb Code    42  ysy.o(i.start_feedback)
    start_time                               0x080053c9   Thumb Code    20  timer.o(i.start_time)
    start_time_1                             0x080053e9   Thumb Code    20  timer.o(i.start_time_1)
    test                                     0x08005409   Thumb Code   464  ysy.o(i.test)
    transfer_command_lcd                     0x08005645   Thumb Code   110  lcd.o(i.transfer_command_lcd)
    transfer_data_lcd                        0x080056b9   Thumb Code   110  lcd.o(i.transfer_data_lcd)
    uart_init                                0x0800572d   Thumb Code    20  usart.o(i.uart_init)
    bmp1                                     0x08045654   Data        1024  lcd.o(.constdata)
    jiong1                                   0x08045a54   Data          32  lcd.o(.constdata)
    lei1                                     0x08045a74   Data          32  lcd.o(.constdata)
    AHBPrescTable                            0x08045a9c   Data          16  system_stm32f4xx.o(.constdata)
    APBPrescTable                            0x08045aac   Data           8  system_stm32f4xx.o(.constdata)
    Region$$Table$$Base                      0x08045ab4   Number         0  anon$$obj.o(Region$$Table)
    Region$$Table$$Limit                     0x08045ad4   Number         0  anon$$obj.o(Region$$Table)
    Key                                      0x20000000   Data           1  main.o(.data)
    Key_Temp                                 0x20000001   Data           1  main.o(.data)
    __stdout                                 0x20000004   Data           4  usart.o(.data)
    count_ms_0                               0x20000028   Data           2  timer.o(.data)
    count_s_0                                0x2000002a   Data           2  timer.o(.data)
    count_ms_1                               0x2000002c   Data           2  timer.o(.data)
    count_s_1                                0x2000002e   Data           2  timer.o(.data)
    beep_label                               0x20000030   Data           1  timer.o(.data)
    beep_ms                                  0x20000032   Data           2  timer.o(.data)
    g_sys_ms                                 0x20000034   Data           4  timer.o(.data)
    Ls                                       0x20000038   Data           4  pwm.o(.data)
    Rs                                       0x2000003c   Data           4  pwm.o(.data)
    fontaddr                                 0x20000630   Data           4  lcd.o(.data)
    uwTick                                   0x20000634   Data           4  stm32f4xx_hal.o(.data)
    uwTickPrio                               0x20000638   Data           4  stm32f4xx_hal.o(.data)
    uwTickFreq                               0x2000063c   Data           1  stm32f4xx_hal.o(.data)
    SystemCoreClock                          0x20000640   Data           4  system_stm32f4xx.o(.data)
    hadc1                                    0x20000644   Data          72  adc.o(.bss)
    hdma_adc1                                0x2000068c   Data          96  adc.o(.bss)
    htim2                                    0x200006ec   Data          72  tim.o(.bss)
    htim3                                    0x20000734   Data          72  tim.o(.bss)
    htim4                                    0x2000077c   Data          72  tim.o(.bss)
    htim5                                    0x200007c4   Data          72  tim.o(.bss)
    huart1                                   0x20000818   Data          72  usart.o(.bss)
    huart2                                   0x20000860   Data          72  usart.o(.bss)
    AD_Value                                 0x200008a8   Data          32  sensor.o(.bss)
    After_filter                             0x200008c8   Data          32  sensor.o(.bss)
    last_filter                              0x200008e8   Data          32  sensor.o(.bss)
    __initial_sp                             0x20000d08   Data           0  startup_stm32f407xx.o(STACK)



==============================================================================

Memory Map of the image

  Image Entry point : 0x08000189

  Load Region LR_IROM1 (Base: 0x08000000, Size: 0x00046118, Max: 0x00080000, ABSOLUTE, COMPRESSED[0x00045e58])

    Execution Region ER_IROM1 (Exec base: 0x08000000, Load base: 0x08000000, Size: 0x00045ad4, Max: 0x00080000, ABSOLUTE)

    Exec Addr    Load Addr    Size         Type   Attr      Idx    E Section Name        Object

    0x08000000   0x08000000   0x00000188   Data   RO            3    RESET               startup_stm32f407xx.o
    0x08000188   0x08000188   0x00000000   Code   RO         4517  * .ARM.Collect$$$$00000000  mc_w.l(entry.o)
    0x08000188   0x08000188   0x00000004   Code   RO         4793    .ARM.Collect$$$$00000001  mc_w.l(entry2.o)
    0x0800018c   0x0800018c   0x00000004   Code   RO         4796    .ARM.Collect$$$$00000004  mc_w.l(entry5.o)
    0x08000190   0x08000190   0x00000000   Code   RO         4798    .ARM.Collect$$$$00000008  mc_w.l(entry7b.o)
    0x08000190   0x08000190   0x00000000   Code   RO         4800    .ARM.Collect$$$$0000000A  mc_w.l(entry8b.o)
    0x08000190   0x08000190   0x00000008   Code   RO         4801    .ARM.Collect$$$$0000000B  mc_w.l(entry9a.o)
    0x08000198   0x08000198   0x00000004   Code   RO         4808    .ARM.Collect$$$$0000000E  mc_w.l(entry12b.o)
    0x0800019c   0x0800019c   0x00000000   Code   RO         4803    .ARM.Collect$$$$0000000F  mc_w.l(entry10a.o)
    0x0800019c   0x0800019c   0x00000000   Code   RO         4805    .ARM.Collect$$$$00000011  mc_w.l(entry11a.o)
    0x0800019c   0x0800019c   0x00000004   Code   RO         4794    .ARM.Collect$$$$00002712  mc_w.l(entry2.o)
    0x080001a0   0x080001a0   0x00000024   Code   RO            4    .text               startup_stm32f407xx.o
    0x080001c4   0x080001c4   0x00000062   Code   RO         4520    .text               mc_w.l(uldiv.o)
    0x08000226   0x08000226   0x00000024   Code   RO         4522    .text               mc_w.l(memseta.o)
    0x0800024a   0x0800024a   0x0000014e   Code   RO         4785    .text               mf_w.l(dadd.o)
    0x08000398   0x08000398   0x000000e4   Code   RO         4787    .text               mf_w.l(dmul.o)
    0x0800047c   0x0800047c   0x0000001a   Code   RO         4789    .text               mf_w.l(dfltui.o)
    0x08000496   0x08000496   0x00000032   Code   RO         4791    .text               mf_w.l(dfixui.o)
    0x080004c8   0x080004c8   0x0000002c   Code   RO         4809    .text               mc_w.l(uidiv.o)
    0x080004f4   0x080004f4   0x0000001e   Code   RO         4811    .text               mc_w.l(llshl.o)
    0x08000512   0x08000512   0x00000020   Code   RO         4813    .text               mc_w.l(llushr.o)
    0x08000532   0x08000532   0x00000024   Code   RO         4815    .text               mc_w.l(llsshr.o)
    0x08000556   0x08000556   0x00000000   Code   RO         4817    .text               mc_w.l(iusefp.o)
    0x08000556   0x08000556   0x000000ba   Code   RO         4818    .text               mf_w.l(depilogue.o)
    0x08000610   0x08000610   0x00000024   Code   RO         4826    .text               mc_w.l(init.o)
    0x08000634   0x08000634   0x00000056   Code   RO         4836    .text               mc_w.l(__dczerorl2.o)
    0x0800068a   0x0800068a   0x0000007e   Code   RO         1651    i.ADC_DMAConvCplt   stm32f4xx_hal_adc.o
    0x08000708   0x08000708   0x0000001a   Code   RO         1652    i.ADC_DMAError      stm32f4xx_hal_adc.o
    0x08000722   0x08000722   0x0000000e   Code   RO         1653    i.ADC_DMAHalfConvCplt  stm32f4xx_hal_adc.o
    0x08000730   0x08000730   0x00000160   Code   RO         1654    i.ADC_Init          stm32f4xx_hal_adc.o
    0x08000890   0x08000890   0x000002bc   Code   RO         1625    i.AD_Detection      ad_detection.o
    0x08000b4c   0x08000b4c   0x00000008   Code   RO          924    i.BEEP_Init         beep.o
    0x08000b54   0x08000b54   0x00000004   Code   RO          638    i.BusFault_Handler  stm32f4xx_it.o
    0x08000b58   0x08000b58   0x00000010   Code   RO          639    i.DMA2_Stream0_IRQHandler  stm32f4xx_it.o
    0x08000b68   0x08000b68   0x00000034   Code   RO         2430    i.DMA_CalcBaseAndBitshift  stm32f4xx_hal_dma.o
    0x08000b9c   0x08000b9c   0x000000aa   Code   RO         2431    i.DMA_CheckFifoParam  stm32f4xx_hal_dma.o
    0x08000c46   0x08000c46   0x0000002c   Code   RO         2432    i.DMA_SetConfig     stm32f4xx_hal_dma.o
    0x08000c72   0x08000c72   0x00000002   Code   RO          640    i.DebugMon_Handler  stm32f4xx_it.o
    0x08000c74   0x08000c74   0x00000006   Code   RO           13    i.Error_Handler     main.o
    0x08000c7a   0x08000c7a   0x00000002   PAD
    0x08000c7c   0x08000c7c   0x00000028   Code   RO         1151    i.GoodMoto          pwm.o
    0x08000ca4   0x08000ca4   0x0000018c   Code   RO         1656    i.HAL_ADC_ConfigChannel  stm32f4xx_hal_adc.o
    0x08000e30   0x08000e30   0x00000002   Code   RO         1657    i.HAL_ADC_ConvCpltCallback  stm32f4xx_hal_adc.o
    0x08000e32   0x08000e32   0x00000002   Code   RO         1658    i.HAL_ADC_ConvHalfCpltCallback  stm32f4xx_hal_adc.o
    0x08000e34   0x08000e34   0x00000002   Code   RO         1660    i.HAL_ADC_ErrorCallback  stm32f4xx_hal_adc.o
    0x08000e36   0x08000e36   0x00000002   PAD
    0x08000e38   0x08000e38   0x00000068   Code   RO         1665    i.HAL_ADC_Init      stm32f4xx_hal_adc.o
    0x08000ea0   0x08000ea0   0x00000130   Code   RO          358    i.HAL_ADC_MspInit   adc.o
    0x08000fd0   0x08000fd0   0x000001bc   Code   RO         1672    i.HAL_ADC_Start_DMA  stm32f4xx_hal_adc.o
    0x0800118c   0x0800118c   0x000000ac   Code   RO         2433    i.HAL_DMA_Abort     stm32f4xx_hal_dma.o
    0x08001238   0x08001238   0x00000028   Code   RO         2434    i.HAL_DMA_Abort_IT  stm32f4xx_hal_dma.o
    0x08001260   0x08001260   0x00000240   Code   RO         2438    i.HAL_DMA_IRQHandler  stm32f4xx_hal_dma.o
    0x080014a0   0x080014a0   0x000000ec   Code   RO         2439    i.HAL_DMA_Init      stm32f4xx_hal_dma.o
    0x0800158c   0x0800158c   0x00000092   Code   RO         2443    i.HAL_DMA_Start_IT  stm32f4xx_hal_dma.o
    0x0800161e   0x0800161e   0x00000002   PAD
    0x08001620   0x08001620   0x00000028   Code   RO         2875    i.HAL_Delay         stm32f4xx_hal.o
    0x08001648   0x08001648   0x000001f4   Code   RO         2326    i.HAL_GPIO_Init     stm32f4xx_hal_gpio.o
    0x0800183c   0x0800183c   0x00000010   Code   RO         2328    i.HAL_GPIO_ReadPin  stm32f4xx_hal_gpio.o
    0x0800184c   0x0800184c   0x0000000c   Code   RO         2330    i.HAL_GPIO_WritePin  stm32f4xx_hal_gpio.o
    0x08001858   0x08001858   0x0000000c   Code   RO         2881    i.HAL_GetTick       stm32f4xx_hal.o
    0x08001864   0x08001864   0x00000018   Code   RO         2887    i.HAL_IncTick       stm32f4xx_hal.o
    0x0800187c   0x0800187c   0x0000003c   Code   RO         2888    i.HAL_Init          stm32f4xx_hal.o
    0x080018b8   0x080018b8   0x0000004c   Code   RO         2889    i.HAL_InitTick      stm32f4xx_hal.o
    0x08001904   0x08001904   0x00000050   Code   RO          744    i.HAL_MspInit       stm32f4xx_hal_msp.o
    0x08001954   0x08001954   0x00000028   Code   RO         2718    i.HAL_NVIC_EnableIRQ  stm32f4xx_hal_cortex.o
    0x0800197c   0x0800197c   0x0000007c   Code   RO         2724    i.HAL_NVIC_SetPriority  stm32f4xx_hal_cortex.o
    0x080019f8   0x080019f8   0x00000028   Code   RO         2725    i.HAL_NVIC_SetPriorityGrouping  stm32f4xx_hal_cortex.o
    0x08001a20   0x08001a20   0x00000184   Code   RO         1927    i.HAL_RCC_ClockConfig  stm32f4xx_hal_rcc.o
    0x08001ba4   0x08001ba4   0x0000000c   Code   RO         1932    i.HAL_RCC_GetHCLKFreq  stm32f4xx_hal_rcc.o
    0x08001bb0   0x08001bb0   0x00000020   Code   RO         1934    i.HAL_RCC_GetPCLK1Freq  stm32f4xx_hal_rcc.o
    0x08001bd0   0x08001bd0   0x00000020   Code   RO         1935    i.HAL_RCC_GetPCLK2Freq  stm32f4xx_hal_rcc.o
    0x08001bf0   0x08001bf0   0x000000b0   Code   RO         1936    i.HAL_RCC_GetSysClockFreq  stm32f4xx_hal_rcc.o
    0x08001ca0   0x08001ca0   0x0000049c   Code   RO         1939    i.HAL_RCC_OscConfig  stm32f4xx_hal_rcc.o
    0x0800213c   0x0800213c   0x00000034   Code   RO         2729    i.HAL_SYSTICK_Config  stm32f4xx_hal_cortex.o
    0x08002170   0x08002170   0x00000002   Code   RO         3843    i.HAL_TIMEx_BreakCallback  stm32f4xx_hal_tim_ex.o
    0x08002172   0x08002172   0x00000002   Code   RO         3844    i.HAL_TIMEx_CommutCallback  stm32f4xx_hal_tim_ex.o
    0x08002174   0x08002174   0x000000b4   Code   RO         3862    i.HAL_TIMEx_MasterConfigSynchronization  stm32f4xx_hal_tim_ex.o
    0x08002228   0x08002228   0x00000066   Code   RO         3128    i.HAL_TIM_Base_Init  stm32f4xx_hal_tim.o
    0x0800228e   0x0800228e   0x00000002   PAD
    0x08002290   0x08002290   0x00000080   Code   RO          427    i.HAL_TIM_Base_MspInit  tim.o
    0x08002310   0x08002310   0x000000a8   Code   RO         3133    i.HAL_TIM_Base_Start_IT  stm32f4xx_hal_tim.o
    0x080023b8   0x080023b8   0x0000010c   Code   RO         3137    i.HAL_TIM_ConfigClockSource  stm32f4xx_hal_tim.o
    0x080024c4   0x080024c4   0x00000002   Code   RO         3162    i.HAL_TIM_IC_CaptureCallback  stm32f4xx_hal_tim.o
    0x080024c6   0x080024c6   0x0000016c   Code   RO         3176    i.HAL_TIM_IRQHandler  stm32f4xx_hal_tim.o
    0x08002632   0x08002632   0x00000002   PAD
    0x08002634   0x08002634   0x000000b0   Code   RO          428    i.HAL_TIM_MspPostInit  tim.o
    0x080026e4   0x080026e4   0x00000002   Code   RO         3179    i.HAL_TIM_OC_DelayElapsedCallback  stm32f4xx_hal_tim.o
    0x080026e6   0x080026e6   0x00000104   Code   RO         3200    i.HAL_TIM_PWM_ConfigChannel  stm32f4xx_hal_tim.o
    0x080027ea   0x080027ea   0x00000066   Code   RO         3203    i.HAL_TIM_PWM_Init  stm32f4xx_hal_tim.o
    0x08002850   0x08002850   0x00000060   Code   RO          430    i.HAL_TIM_PWM_MspInit  tim.o
    0x080028b0   0x080028b0   0x00000002   Code   RO         3206    i.HAL_TIM_PWM_PulseFinishedCallback  stm32f4xx_hal_tim.o
    0x080028b2   0x080028b2   0x00000002   PAD
    0x080028b4   0x080028b4   0x0000010c   Code   RO         3208    i.HAL_TIM_PWM_Start  stm32f4xx_hal_tim.o
    0x080029c0   0x080029c0   0x000000b0   Code   RO         1025    i.HAL_TIM_PeriodElapsedCallback  timer.o
    0x08002a70   0x08002a70   0x00000002   Code   RO         3219    i.HAL_TIM_TriggerCallback  stm32f4xx_hal_tim.o
    0x08002a72   0x08002a72   0x00000002   Code   RO         4122    i.HAL_UARTEx_RxEventCallback  stm32f4xx_hal_uart.o
    0x08002a74   0x08002a74   0x0000003c   Code   RO          504    i.HAL_UART_ErrorCallback  usart.o
    0x08002ab0   0x08002ab0   0x00000308   Code   RO         4139    i.HAL_UART_IRQHandler  stm32f4xx_hal_uart.o
    0x08002db8   0x08002db8   0x00000076   Code   RO         4140    i.HAL_UART_Init     stm32f4xx_hal_uart.o
    0x08002e2e   0x08002e2e   0x00000002   PAD
    0x08002e30   0x08002e30   0x00000138   Code   RO          506    i.HAL_UART_MspInit  usart.o
    0x08002f68   0x08002f68   0x0000002c   Code   RO         4145    i.HAL_UART_Receive_IT  stm32f4xx_hal_uart.o
    0x08002f94   0x08002f94   0x00000128   Code   RO          507    i.HAL_UART_RxCpltCallback  usart.o
    0x080030bc   0x080030bc   0x00000002   Code   RO         4151    i.HAL_UART_TxCpltCallback  stm32f4xx_hal_uart.o
    0x080030be   0x080030be   0x00000004   Code   RO          641    i.HardFault_Handler  stm32f4xx_it.o
    0x080030c2   0x080030c2   0x00000002   PAD
    0x080030c4   0x080030c4   0x00000104   Code   RO         1287    i.InitLCD           lcd.o
    0x080031c8   0x080031c8   0x000000d4   Code   RO          899    i.KEY_Scan          key.o
    0x0800329c   0x0800329c   0x0000000c   Code   RO          851    i.LED_Init          led.o
    0x080032a8   0x080032a8   0x000001bc   Code   RO          359    i.MX_ADC1_Init      adc.o
    0x08003464   0x08003464   0x00000038   Code   RO          399    i.MX_DMA_Init       dma.o
    0x0800349c   0x0800349c   0x000001b4   Code   RO          231    i.MX_GPIO_Init      gpio.o
    0x08003650   0x08003650   0x0000006c   Code   RO          431    i.MX_TIM2_Init      tim.o
    0x080036bc   0x080036bc   0x000000ac   Code   RO          432    i.MX_TIM3_Init      tim.o
    0x08003768   0x08003768   0x000000ac   Code   RO          433    i.MX_TIM4_Init      tim.o
    0x08003814   0x08003814   0x0000006c   Code   RO          434    i.MX_TIM5_Init      tim.o
    0x08003880   0x08003880   0x00000038   Code   RO          508    i.MX_USART1_UART_Init  usart.o
    0x080038b8   0x080038b8   0x00000038   Code   RO          509    i.MX_USART2_UART_Init  usart.o
    0x080038f0   0x080038f0   0x00000050   Code   RO         1440    i.MarineRobot_init  init.o
    0x08003940   0x08003940   0x00000004   Code   RO          642    i.MemManage_Handler  stm32f4xx_it.o
    0x08003944   0x08003944   0x00000004   Code   RO          643    i.NMI_Handler       stm32f4xx_it.o
    0x08003948   0x08003948   0x00000002   Code   RO         1288    i.OLED_GPIO_Config  lcd.o
    0x0800394a   0x0800394a   0x00000002   PAD
    0x0800394c   0x0800394c   0x00000054   Code   RO         1152    i.PWM_Init          pwm.o
    0x080039a0   0x080039a0   0x00000002   Code   RO          644    i.PendSV_Handler    stm32f4xx_it.o
    0x080039a2   0x080039a2   0x00000002   PAD
    0x080039a4   0x080039a4   0x0000001c   Code   RO         1227    i.SENSOR_Init       sensor.o
    0x080039c0   0x080039c0   0x00000002   Code   RO          645    i.SVC_Handler       stm32f4xx_it.o
    0x080039c2   0x080039c2   0x00000008   Code   RO          646    i.SysTick_Handler   stm32f4xx_it.o
    0x080039ca   0x080039ca   0x00000002   PAD
    0x080039cc   0x080039cc   0x000000b4   Code   RO           15    i.SystemClock_Config  main.o
    0x08003a80   0x08003a80   0x00000014   Code   RO         4484    i.SystemInit        system_stm32f4xx.o
    0x08003a94   0x08003a94   0x00000010   Code   RO          647    i.TIM2_IRQHandler   stm32f4xx_it.o
    0x08003aa4   0x08003aa4   0x00000002   Code   RO         1026    i.TIM2_Int_Init     timer.o
    0x08003aa6   0x08003aa6   0x00000002   PAD
    0x08003aa8   0x08003aa8   0x00000010   Code   RO          648    i.TIM5_IRQHandler   stm32f4xx_it.o
    0x08003ab8   0x08003ab8   0x00000002   Code   RO         1027    i.TIM5_Int_Init     timer.o
    0x08003aba   0x08003aba   0x00000002   PAD
    0x08003abc   0x08003abc   0x000000e0   Code   RO         3221    i.TIM_Base_SetConfig  stm32f4xx_hal_tim.o
    0x08003b9c   0x08003b9c   0x00000022   Code   RO         3222    i.TIM_CCxChannelCmd  stm32f4xx_hal_tim.o
    0x08003bbe   0x08003bbe   0x00000016   Code   RO         3232    i.TIM_ETR_SetConfig  stm32f4xx_hal_tim.o
    0x08003bd4   0x08003bd4   0x00000012   Code   RO         3233    i.TIM_ITRx_SetConfig  stm32f4xx_hal_tim.o
    0x08003be6   0x08003be6   0x00000002   PAD
    0x08003be8   0x08003be8   0x00000070   Code   RO         3234    i.TIM_OC1_SetConfig  stm32f4xx_hal_tim.o
    0x08003c58   0x08003c58   0x0000007c   Code   RO         3235    i.TIM_OC2_SetConfig  stm32f4xx_hal_tim.o
    0x08003cd4   0x08003cd4   0x00000078   Code   RO         3236    i.TIM_OC3_SetConfig  stm32f4xx_hal_tim.o
    0x08003d4c   0x08003d4c   0x00000054   Code   RO         3237    i.TIM_OC4_SetConfig  stm32f4xx_hal_tim.o
    0x08003da0   0x08003da0   0x00000026   Code   RO         3239    i.TIM_TI1_ConfigInputStage  stm32f4xx_hal_tim.o
    0x08003dc6   0x08003dc6   0x00000028   Code   RO         3241    i.TIM_TI2_ConfigInputStage  stm32f4xx_hal_tim.o
    0x08003dee   0x08003dee   0x00000012   Code   RO         4153    i.UART_DMAAbortOnError  stm32f4xx_hal_uart.o
    0x08003e00   0x08003e00   0x0000006c   Code   RO         4163    i.UART_EndRxTransfer  stm32f4xx_hal_uart.o
    0x08003e6c   0x08003e6c   0x00000020   Code   RO         4164    i.UART_EndTransmit_IT  stm32f4xx_hal_uart.o
    0x08003e8c   0x08003e8c   0x000000fc   Code   RO         4166    i.UART_Receive_IT   stm32f4xx_hal_uart.o
    0x08003f88   0x08003f88   0x0000022c   Code   RO         4167    i.UART_SetConfig    stm32f4xx_hal_uart.o
    0x080041b4   0x080041b4   0x00000040   Code   RO         4169    i.UART_Start_Receive_IT  stm32f4xx_hal_uart.o
    0x080041f4   0x080041f4   0x00000060   Code   RO         4170    i.UART_Transmit_IT  stm32f4xx_hal_uart.o
    0x08004254   0x08004254   0x00000010   Code   RO          649    i.USART1_IRQHandler  stm32f4xx_it.o
    0x08004264   0x08004264   0x00000010   Code   RO          650    i.USART2_IRQHandler  stm32f4xx_it.o
    0x08004274   0x08004274   0x00000004   Code   RO          651    i.UsageFault_Handler  stm32f4xx_it.o
    0x08004278   0x08004278   0x00000028   Code   RO         4681    i.__0sprintf$6      mc_w.l(printf6.o)
    0x080042a0   0x080042a0   0x00000010   Code   RO         2731    i.__NVIC_GetPriorityGrouping  stm32f4xx_hal_cortex.o
    0x080042b0   0x080042b0   0x00000028   Code   RO         2732    i.__NVIC_SetPriority  stm32f4xx_hal_cortex.o
    0x080042d8   0x080042d8   0x0000000e   Code   RO         4830    i.__scatterload_copy  mc_w.l(handlers.o)
    0x080042e6   0x080042e6   0x00000002   Code   RO         4831    i.__scatterload_null  mc_w.l(handlers.o)
    0x080042e8   0x080042e8   0x0000000e   Code   RO         4832    i.__scatterload_zeroinit  mc_w.l(handlers.o)
    0x080042f6   0x080042f6   0x00000002   PAD
    0x080042f8   0x080042f8   0x000002f0   Code   RO         4686    i._printf_core      mc_w.l(printf6.o)
    0x080045e8   0x080045e8   0x00000024   Code   RO         4687    i._printf_post_padding  mc_w.l(printf6.o)
    0x0800460c   0x0800460c   0x0000002e   Code   RO         4688    i._printf_pre_padding  mc_w.l(printf6.o)
    0x0800463a   0x0800463a   0x0000000a   Code   RO         4690    i._sputc            mc_w.l(printf6.o)
    0x08004644   0x08004644   0x00000074   Code   RO         1228    i.analog            sensor.o
    0x080046b8   0x080046b8   0x00000028   Code   RO         1571    i.back              edge.o
    0x080046e0   0x080046e0   0x00000028   Code   RO         1572    i.back_N90          edge.o
    0x08004708   0x08004708   0x00000024   Code   RO         1573    i.back_S90          edge.o
    0x0800472c   0x0800472c   0x00000008   Code   RO          925    i.beep              beep.o
    0x08004734   0x08004734   0x00000014   Code   RO          926    i.beep_off          beep.o
    0x08004748   0x08004748   0x00000014   Code   RO          927    i.beep_on           beep.o
    0x0800475c   0x0800475c   0x00000014   Code   RO         1029    i.beep_time         timer.o
    0x08004770   0x08004770   0x00000018   Code   RO          514    i.cam_angle         usart.o
    0x08004788   0x08004788   0x00000074   Code   RO         1468    i.cam_chase         ysy.o
    0x080047fc   0x080047fc   0x000000cc   Code   RO         1469    i.cam_debug         ysy.o
    0x080048c8   0x080048c8   0x0000001c   Code   RO          515    i.cam_fresh         usart.o
    0x080048e4   0x080048e4   0x00000018   Code   RO          516    i.cam_on_stage      usart.o
    0x080048fc   0x080048fc   0x00000018   Code   RO          517    i.cam_target_type   usart.o
    0x08004914   0x08004914   0x00000020   Code   RO          518    i.camera_init       usart.o
    0x08004934   0x08004934   0x00000058   Code   RO         1289    i.clear_screen      lcd.o
    0x0800498c   0x0800498c   0x0000001a   Code   RO         1290    i.delay             lcd.o
    0x080049a6   0x080049a6   0x00000002   PAD
    0x080049a8   0x080049a8   0x00000030   Code   RO          813    i.delay_init        delay.o
    0x080049d8   0x080049d8   0x0000000c   Code   RO          814    i.delay_ms          delay.o
    0x080049e4   0x080049e4   0x00000034   Code   RO         1229    i.digital           sensor.o
    0x08004a18   0x08004a18   0x000000ec   Code   RO         1230    i.digital_gpio_init  sensor.o
    0x08004b04   0x08004b04   0x0000009c   Code   RO         1292    i.display_GB2312_string  lcd.o
    0x08004ba0   0x08004ba0   0x0000002c   Code   RO         1293    i.display_GB2312_u1  lcd.o
    0x08004bcc   0x08004bcc   0x00000040   Code   RO         1294    i.display_GB2312_u16  lcd.o
    0x08004c0c   0x08004c0c   0x00000064   Code   RO         1295    i.display_graphic_16x16  lcd.o
    0x08004c70   0x08004c70   0x00000058   Code   RO         1297    i.display_graphic_8x16  lcd.o
    0x08004cc8   0x08004cc8   0x00000026   Code   RO         1574    i.edge_spin         edge.o
    0x08004cee   0x08004cee   0x00000002   PAD
    0x08004cf0   0x08004cf0   0x00000014   Code   RO          852    i.emagnet_off       led.o
    0x08004d04   0x08004d04   0x00000014   Code   RO          853    i.emagnet_on        led.o
    0x08004d18   0x08004d18   0x0000008c   Code   RO         1231    i.filter            sensor.o
    0x08004da4   0x08004da4   0x00000028   Code   RO         1575    i.forward_stop      edge.o
    0x08004dcc   0x08004dcc   0x000000ac   Code   RO         1576    i.get_edge          edge.o
    0x08004e78   0x08004e78   0x0000004c   Code   RO         1154    i.init_servos       pwm.o
    0x08004ec4   0x08004ec4   0x00000054   Code   RO         1471    i.ir_close_push     ysy.o
    0x08004f18   0x08004f18   0x0000002a   Code   RO         1472    i.ir_close_sensor   ysy.o
    0x08004f42   0x08004f42   0x00000022   Code   RO         1301    i.lcd_address       lcd.o
    0x08004f64   0x08004f64   0x00000014   Code   RO          854    i.led_off           led.o
    0x08004f78   0x08004f78   0x00000014   Code   RO          855    i.led_on            led.o
    0x08004f8c   0x08004f8c   0x00000210   Code   RO           16    i.main              main.o
    0x0800519c   0x0800519c   0x000000c4   Code   RO         1155    i.motor             pwm.o
    0x08005260   0x08005260   0x0000000c   Code   RO         1032    i.mseconds          timer.o
    0x0800526c   0x0800526c   0x00000014   Code   RO         1034    i.reset_time        timer.o
    0x08005280   0x08005280   0x000000a8   Code   RO         1473    i.robot_camera_run  ysy.o
    0x08005328   0x08005328   0x00000068   Code   RO         1157    i.servos            pwm.o
    0x08005390   0x08005390   0x00000038   Code   RO         1476    i.start_feedback    ysy.o
    0x080053c8   0x080053c8   0x00000020   Code   RO         1038    i.start_time        timer.o
    0x080053e8   0x080053e8   0x00000020   Code   RO         1039    i.start_time_1      timer.o
    0x08005408   0x08005408   0x0000023c   Code   RO         1477    i.test              ysy.o
    0x08005644   0x08005644   0x00000074   Code   RO         1303    i.transfer_command_lcd  lcd.o
    0x080056b8   0x080056b8   0x00000074   Code   RO         1304    i.transfer_data_lcd  lcd.o
    0x0800572c   0x0800572c   0x00000018   Code   RO          520    i.uart_init         usart.o
    0x08005744   0x08005744   0x000000d0   Data   RO         1233    .constdata          sensor.o
    0x08005814   0x08005814   0x00040280   Data   RO         1305    .constdata          lcd.o
    0x08045a94   0x08045a94   0x00000008   Data   RO         2445    .constdata          stm32f4xx_hal_dma.o
    0x08045a9c   0x08045a9c   0x00000018   Data   RO         4485    .constdata          system_stm32f4xx.o
    0x08045ab4   0x08045ab4   0x00000020   Data   RO         4828    Region$$Table       anon$$obj.o


    Execution Region RW_IRAM1 (Exec base: 0x20000000, Load base: 0x08045ad4, Size: 0x00000d08, Max: 0x0001c000, ABSOLUTE, COMPRESSED[0x00000384])

    Exec Addr    Load Addr    Size         Type   Attr      Idx    E Section Name        Object

    0x20000000   COMPRESSED   0x00000003   Data   RW           17    .data               main.o
    0x20000003   COMPRESSED   0x00000001   PAD
    0x20000004   COMPRESSED   0x00000019   Data   RW          522    .data               usart.o
    0x2000001d   COMPRESSED   0x00000003   PAD
    0x20000020   COMPRESSED   0x00000004   Data   RW          816    .data               delay.o
    0x20000024   COMPRESSED   0x00000001   Data   RW          900    .data               key.o
    0x20000025   COMPRESSED   0x00000003   PAD
    0x20000028   COMPRESSED   0x00000010   Data   RW         1042    .data               timer.o
    0x20000038   COMPRESSED   0x00000008   Data   RW         1159    .data               pwm.o
    0x20000040   COMPRESSED   0x000005f4   Data   RW         1306    .data               lcd.o
    0x20000634   COMPRESSED   0x00000009   Data   RW         2895    .data               stm32f4xx_hal.o
    0x2000063d   COMPRESSED   0x00000003   PAD
    0x20000640   COMPRESSED   0x00000004   Data   RW         4486    .data               system_stm32f4xx.o
    0x20000644        -       0x000000a8   Zero   RW          360    .bss                adc.o
    0x200006ec        -       0x00000120   Zero   RW          435    .bss                tim.o
    0x2000080c        -       0x0000009c   Zero   RW          521    .bss                usart.o
    0x200008a8        -       0x00000060   Zero   RW         1232    .bss                sensor.o
    0x20000908        -       0x00000400   Zero   RW            1    STACK               startup_stm32f407xx.o


    Execution Region RW_IRAM2 (Exec base: 0x2001c000, Load base: 0x08045e58, Size: 0x00000000, Max: 0x00004000, ABSOLUTE)

    **** No section assigned to this execution region ****


==============================================================================

Image component sizes


      Code (inc. data)   RO Data    RW Data    ZI Data      Debug   Object Name

       700        128          0          0          0        823   ad_detection.o
       748         42          0          0        168       2215   adc.o
        56         10          0          0          0       1904   beep.o
        60         14          0          4          0       1192   delay.o
        56          4          0          0          0        762   dma.o
       366         32          0          0          0       3027   edge.o
       436         24          0          0          0     701923   gpio.o
        80          6          0          0          0        519   init.o
       212         20          0          1          0        715   key.o
      1094         58     262784       1524          0       9157   lcd.o
        92         20          0          0          0       2385   led.o
       714        102          0          3          0     677419   main.o
       500         38          0          8          0       3053   pwm.o
       572         74        208          0         96       4026   sensor.o
        36          8        392          0       1024        836   startup_stm32f407xx.o
       212         36          0          9          0       9393   stm32f4xx_hal.o
      1468         66          0          0          0       7421   stm32f4xx_hal_adc.o
       312         22          0          0          0      34331   stm32f4xx_hal_cortex.o
      1436         16          8          0          0       7026   stm32f4xx_hal_dma.o
       528         46          0          0          0       2783   stm32f4xx_hal_gpio.o
        80          6          0          0          0        862   stm32f4xx_hal_msp.o
      1820         84          0          0          0       5632   stm32f4xx_hal_rcc.o
      2356        142          0          0          0      15970   stm32f4xx_hal_tim.o
       184         30          0          0          0       2525   stm32f4xx_hal_tim_ex.o
      2068         14          0          0          0       9963   stm32f4xx_hal_uart.o
       114         30          0          0          0       6692   stm32f4xx_it.o
        20          6         24          4          0       1127   system_stm32f4xx.o
       960         74          0          0        288       5149   tim.o
       296         78          0         16          0       4956   timer.o
       936        148          0         25        156       9153   usart.o
      1242        236          0          0          0       4295   ysy.o

    ----------------------------------------------------------------------
     19786       1614     263448       1604       1732    1537234   Object Totals
         0          0         32          0          0          0   (incl. Generated)
        32          0          0         10          0          0   (incl. Padding)

    ----------------------------------------------------------------------

      Code (inc. data)   RO Data    RW Data    ZI Data      Debug   Library Member Name

        86          0          0          0          0          0   __dczerorl2.o
         0          0          0          0          0          0   entry.o
         0          0          0          0          0          0   entry10a.o
         0          0          0          0          0          0   entry11a.o
         4          0          0          0          0          0   entry12b.o
         8          4          0          0          0          0   entry2.o
         4          0          0          0          0          0   entry5.o
         0          0          0          0          0          0   entry7b.o
         0          0          0          0          0          0   entry8b.o
         8          4          0          0          0          0   entry9a.o
        30          0          0          0          0          0   handlers.o
        36          8          0          0          0         68   init.o
         0          0          0          0          0          0   iusefp.o
        30          0          0          0          0         68   llshl.o
        36          0          0          0          0         68   llsshr.o
        32          0          0          0          0         68   llushr.o
        36          0          0          0          0        108   memseta.o
       884         10          0          0          0        420   printf6.o
        44          0          0          0          0         80   uidiv.o
        98          0          0          0          0         92   uldiv.o
       334          0          0          0          0        148   dadd.o
       186          0          0          0          0        176   depilogue.o
        50          0          0          0          0         76   dfixui.o
        26          0          0          0          0         76   dfltui.o
       228          0          0          0          0         96   dmul.o

    ----------------------------------------------------------------------
      2162         26          0          0          0       1544   Library Totals
         2          0          0          0          0          0   (incl. Padding)

    ----------------------------------------------------------------------

      Code (inc. data)   RO Data    RW Data    ZI Data      Debug   Library Name

      1336         26          0          0          0        972   mc_w.l
       824          0          0          0          0        572   mf_w.l

    ----------------------------------------------------------------------
      2162         26          0          0          0       1544   Library Totals

    ----------------------------------------------------------------------

==============================================================================


      Code (inc. data)   RO Data    RW Data    ZI Data      Debug   

     21948       1640     263448       1604       1732    1521682   Grand Totals
     21948       1640     263448        900       1732    1521682   ELF Image Totals (compressed)
     21948       1640     263448        900          0          0   ROM Totals

==============================================================================

    Total RO  Size (Code + RO Data)               285396 ( 278.71kB)
    Total RW  Size (RW Data + ZI Data)              3336 (   3.26kB)
    Total ROM Size (Code + RO Data + RW Data)     286296 ( 279.59kB)

==============================================================================

